Component: Arm Compiler for Embedded 6.19 Tool: armlink [5e73cb00]

==============================================================================

Section Cross References

    startup_stm32f103xb.o(RESET) refers to startup_stm32f103xb.o(STACK) for __initial_sp
    startup_stm32f103xb.o(RESET) refers to startup_stm32f103xb.o(.text) for Reset_Handler
    startup_stm32f103xb.o(RESET) refers to stm32f1xx_it.o(.text.NMI_Handler) for NMI_Handler
    startup_stm32f103xb.o(RESET) refers to stm32f1xx_it.o(.text.HardFault_Handler) for HardFault_Handler
    startup_stm32f103xb.o(RESET) refers to stm32f1xx_it.o(.text.MemManage_Handler) for MemManage_Handler
    startup_stm32f103xb.o(RESET) refers to stm32f1xx_it.o(.text.BusFault_Handler) for BusFault_Handler
    startup_stm32f103xb.o(RESET) refers to stm32f1xx_it.o(.text.UsageFault_Handler) for UsageFault_Handler
    startup_stm32f103xb.o(RESET) refers to stm32f1xx_it.o(.text.SVC_Handler) for SVC_Handler
    startup_stm32f103xb.o(RESET) refers to stm32f1xx_it.o(.text.DebugMon_Handler) for DebugMon_Handler
    startup_stm32f103xb.o(RESET) refers to stm32f1xx_it.o(.text.PendSV_Handler) for PendSV_Handler
    startup_stm32f103xb.o(RESET) refers to stm32f1xx_it.o(.text.SysTick_Handler) for SysTick_Handler
    startup_stm32f103xb.o(.text) refers to system_stm32f1xx.o(.text.SystemInit) for SystemInit
    startup_stm32f103xb.o(.text) refers to entry.o(.ARM.Collect$$$$00000000) for __main
    fonts.o(.text.FONTS_GetStringSize) refers to strlen.o(.text) for strlen
    fonts.o(.ARM.exidx.text.FONTS_GetStringSize) refers to fonts.o(.text.FONTS_GetStringSize) for [Anonymous Symbol]
    fonts.o(.data.Font_7x10) refers to fonts.o(.rodata.Font7x10) for Font7x10
    fonts.o(.data.Font_11x18) refers to fonts.o(.rodata.Font11x18) for Font11x18
    fonts.o(.data.Font_16x26) refers to fonts.o(.rodata.Font16x26) for Font16x26
    test.o(.text.TestLines) refers to ssd1306.o(.text.SSD1306_Clear) for SSD1306_Clear
    test.o(.text.TestLines) refers to ssd1306.o(.text.SSD1306_DrawLine) for SSD1306_DrawLine
    test.o(.text.TestLines) refers to stm32f1xx_hal.o(.text.HAL_Delay) for HAL_Delay
    test.o(.text.TestLines) refers to ssd1306.o(.text.SSD1306_UpdateScreen) for SSD1306_UpdateScreen
    test.o(.ARM.exidx.text.TestLines) refers to test.o(.text.TestLines) for [Anonymous Symbol]
    test.o(.text.TestRectangles) refers to ssd1306.o(.text.SSD1306_Clear) for SSD1306_Clear
    test.o(.text.TestRectangles) refers to ssd1306.o(.text.SSD1306_DrawRectangle) for SSD1306_DrawRectangle
    test.o(.text.TestRectangles) refers to ssd1306.o(.text.SSD1306_UpdateScreen) for SSD1306_UpdateScreen
    test.o(.text.TestRectangles) refers to stm32f1xx_hal.o(.text.HAL_Delay) for HAL_Delay
    test.o(.ARM.exidx.text.TestRectangles) refers to test.o(.text.TestRectangles) for [Anonymous Symbol]
    test.o(.text.TestFilledRectangles) refers to ssd1306.o(.text.SSD1306_Clear) for SSD1306_Clear
    test.o(.text.TestFilledRectangles) refers to ssd1306.o(.text.SSD1306_DrawFilledRectangle) for SSD1306_DrawFilledRectangle
    test.o(.text.TestFilledRectangles) refers to ssd1306.o(.text.SSD1306_UpdateScreen) for SSD1306_UpdateScreen
    test.o(.text.TestFilledRectangles) refers to stm32f1xx_hal.o(.text.HAL_Delay) for HAL_Delay
    test.o(.ARM.exidx.text.TestFilledRectangles) refers to test.o(.text.TestFilledRectangles) for [Anonymous Symbol]
    test.o(.text.TestFilledCircles) refers to ssd1306.o(.text.SSD1306_Clear) for SSD1306_Clear
    test.o(.text.TestFilledCircles) refers to ssd1306.o(.text.SSD1306_DrawFilledCircle) for SSD1306_DrawFilledCircle
    test.o(.text.TestFilledCircles) refers to ssd1306.o(.text.SSD1306_UpdateScreen) for SSD1306_UpdateScreen
    test.o(.text.TestFilledCircles) refers to stm32f1xx_hal.o(.text.HAL_Delay) for HAL_Delay
    test.o(.ARM.exidx.text.TestFilledCircles) refers to test.o(.text.TestFilledCircles) for [Anonymous Symbol]
    test.o(.text.TestCircles) refers to ssd1306.o(.text.SSD1306_Clear) for SSD1306_Clear
    test.o(.text.TestCircles) refers to ssd1306.o(.text.SSD1306_DrawCircle) for SSD1306_DrawCircle
    test.o(.text.TestCircles) refers to ssd1306.o(.text.SSD1306_UpdateScreen) for SSD1306_UpdateScreen
    test.o(.text.TestCircles) refers to stm32f1xx_hal.o(.text.HAL_Delay) for HAL_Delay
    test.o(.ARM.exidx.text.TestCircles) refers to test.o(.text.TestCircles) for [Anonymous Symbol]
    test.o(.text.TestTriangles) refers to ssd1306.o(.text.SSD1306_Clear) for SSD1306_Clear
    test.o(.text.TestTriangles) refers to ssd1306.o(.text.SSD1306_DrawTriangle) for SSD1306_DrawTriangle
    test.o(.text.TestTriangles) refers to ssd1306.o(.text.SSD1306_UpdateScreen) for SSD1306_UpdateScreen
    test.o(.text.TestTriangles) refers to stm32f1xx_hal.o(.text.HAL_Delay) for HAL_Delay
    test.o(.ARM.exidx.text.TestTriangles) refers to test.o(.text.TestTriangles) for [Anonymous Symbol]
    ssd1306.o(.text.SSD1306_ScrollRight) refers to main.o(.bss.hi2c2) for hi2c2
[...]
    stm32f1xx_hal_gpio.o(.ARM.exidx.text.HAL_GPIO_Init) refers to stm32f1xx_hal_gpio.o(.text.HAL_GPIO_Init) for [Anonymous Symbol]
    stm32f1xx_hal_gpio.o(.ARM.exidx.text.HAL_GPIO_DeInit) refers to stm32f1xx_hal_gpio.o(.text.HAL_GPIO_DeInit) for [Anonymous Symbol]
    stm32f1xx_hal_gpio.o(.ARM.exidx.text.HAL_GPIO_ReadPin) refers to stm32f1xx_hal_gpio.o(.text.HAL_GPIO_ReadPin) for [Anonymous Symbol]
    stm32f1xx_hal_gpio.o(.ARM.exidx.text.HAL_GPIO_WritePin) refers to stm32f1xx_hal_gpio.o(.text.HAL_GPIO_WritePin) for [Anonymous Symbol]
    stm32f1xx_hal_gpio.o(.ARM.exidx.text.HAL_GPIO_TogglePin) refers to stm32f1xx_hal_gpio.o(.text.HAL_GPIO_TogglePin) for [Anonymous Symbol]
    stm32f1xx_hal_gpio.o(.ARM.exidx.text.HAL_GPIO_LockPin) refers to stm32f1xx_hal_gpio.o(.text.HAL_GPIO_LockPin) for [Anonymous Symbol]
    stm32f1xx_hal_gpio.o(.text.HAL_GPIO_EXTI_IRQHandler) refers to stm32f1xx_hal_gpio.o(.text.HAL_GPIO_EXTI_Callback) for HAL_GPIO_EXTI_Callback
    stm32f1xx_hal_gpio.o(.ARM.exidx.text.HAL_GPIO_EXTI_IRQHandler) refers to stm32f1xx_hal_gpio.o(.text.HAL_GPIO_EXTI_IRQHandler) for [Anonymous Symbol]
    stm32f1xx_hal_gpio.o(.ARM.exidx.text.HAL_GPIO_EXTI_Callback) refers to stm32f1xx_hal_gpio.o(.text.HAL_GPIO_EXTI_Callback) for [Anonymous Symbol]
    stm32f1xx_hal_dma.o(.ARM.exidx.text.HAL_DMA_Init) refers to stm32f1xx_hal_dma.o(.text.HAL_DMA_Init) for [Anonymous Symbol]
    stm32f1xx_hal_dma.o(.ARM.exidx.text.HAL_DMA_DeInit) refers to stm32f1xx_hal_dma.o(.text.HAL_DMA_DeInit) for [Anonymous Symbol]
    stm32f1xx_hal_dma.o(.ARM.exidx.text.HAL_DMA_Start) refers to stm32f1xx_hal_dma.o(.text.HAL_DMA_Start) for [Anonymous Symbol]
    stm32f1xx_hal_dma.o(.ARM.exidx.text.HAL_DMA_Start_IT) refers to stm32f1xx_hal_dma.o(.text.HAL_DMA_Start_IT) for [Anonymous Symbol]
    stm32f1xx_hal_dma.o(.ARM.exidx.text.HAL_DMA_Abort) refers to stm32f1xx_hal_dma.o(.text.HAL_DMA_Abort) for [Anonymous Symbol]
    stm32f1xx_hal_dma.o(.ARM.exidx.text.HAL_DMA_Abort_IT) refers to stm32f1xx_hal_dma.o(.text.HAL_DMA_Abort_IT) for [Anonymous Symbol]
    stm32f1xx_hal_dma.o(.text.HAL_DMA_PollForTransfer) refers to stm32f1xx_hal.o(.text.HAL_GetTick) for HAL_GetTick
    stm32f1xx_hal_dma.o(.ARM.exidx.text.HAL_DMA_PollForTransfer) refers to stm32f1xx_hal_dma.o(.text.HAL_DMA_PollForTransfer) for [Anonymous Symbol]
    stm32f1xx_hal_dma.o(.ARM.exidx.text.HAL_DMA_IRQHandler) refers to stm32f1xx_hal_dma.o(.text.HAL_DMA_IRQHandler) for [Anonymous Symbol]
    stm32f1xx_hal_dma.o(.ARM.exidx.text.HAL_DMA_RegisterCallback) refers to stm32f1xx_hal_dma.o(.text.HAL_DMA_RegisterCallback) for [Anonymous Symbol]
    stm32f1xx_hal_dma.o(.ARM.exidx.text.HAL_DMA_UnRegisterCallback) refers to stm32f1xx_hal_dma.o(.text.HAL_DMA_UnRegisterCallback) for [Anonymous Symbol]
    stm32f1xx_hal_dma.o(.ARM.exidx.text.HAL_DMA_GetState) refers to stm32f1xx_hal_dma.o(.text.HAL_DMA_GetState) for [Anonymous Symbol]
    stm32f1xx_hal_dma.o(.ARM.exidx.text.HAL_DMA_GetError) refers to stm32f1xx_hal_dma.o(.text.HAL_DMA_GetError) for [Anonymous Symbol]
    stm32f1xx_hal_cortex.o(.ARM.exidx.text.HAL_NVIC_SetPriorityGrouping) refers to stm32f1xx_hal_cortex.o(.text.HAL_NVIC_SetPriorityGrouping) for [Anonymous Symbol]
    stm32f1xx_hal_cortex.o(.ARM.exidx.text.HAL_NVIC_SetPriority) refers to stm32f1xx_hal_cortex.o(.text.HAL_NVIC_SetPriority) for [Anonymous Symbol]
    stm32f1xx_hal_cortex.o(.ARM.exidx.text.HAL_NVIC_EnableIRQ) refers to stm32f1xx_hal_cortex.o(.text.HAL_NVIC_EnableIRQ) for [Anonymous Symbol]
    stm32f1xx_hal_cortex.o(.ARM.exidx.text.HAL_NVIC_DisableIRQ) refers to stm32f1xx_hal_cortex.o(.text.HAL_NVIC_DisableIRQ) for [Anonymous Symbol]
    stm32f1xx_hal_cortex.o(.text.HAL_NVIC_SystemReset) refers to stm32f1xx_hal_cortex.o(.text.__NVIC_SystemReset) for __NVIC_SystemReset
    stm32f1xx_hal_cortex.o(.ARM.exidx.text.HAL_NVIC_SystemReset) refers to stm32f1xx_hal_cortex.o(.text.HAL_NVIC_SystemReset) for [Anonymous Symbol]
    stm32f1xx_hal_cortex.o(.ARM.exidx.text.__NVIC_SystemReset) refers to stm32f1xx_hal_cortex.o(.text.__NVIC_SystemReset) for [Anonymous Symbol]
    stm32f1xx_hal_cortex.o(.ARM.exidx.text.HAL_SYSTICK_Config) refers to stm32f1xx_hal_cortex.o(.text.HAL_SYSTICK_Config) for [Anonymous Symbol]
    stm32f1xx_hal_cortex.o(.ARM.exidx.text.HAL_NVIC_GetPriorityGrouping) refers to stm32f1xx_hal_cortex.o(.text.HAL_NVIC_GetPriorityGrouping) for [Anonymous Symbol]
    stm32f1xx_hal_cortex.o(.ARM.exidx.text.HAL_NVIC_GetPriority) refers to stm32f1xx_hal_cortex.o(.text.HAL_NVIC_GetPriority) for [Anonymous Symbol]
    stm32f1xx_hal_cortex.o(.ARM.exidx.text.HAL_NVIC_SetPendingIRQ) refers to stm32f1xx_hal_cortex.o(.text.HAL_NVIC_SetPendingIRQ) for [Anonymous Symbol]
    stm32f1xx_hal_cortex.o(.ARM.exidx.text.HAL_NVIC_GetPendingIRQ) refers to stm32f1xx_hal_cortex.o(.text.HAL_NVIC_GetPendingIRQ) for [Anonymous Symbol]
    stm32f1xx_hal_cortex.o(.ARM.exidx.text.HAL_NVIC_ClearPendingIRQ) refers to stm32f1xx_hal_cortex.o(.text.HAL_NVIC_ClearPendingIRQ) for [Anonymous Symbol]
    stm32f1xx_hal_cortex.o(.ARM.exidx.text.HAL_NVIC_GetActive) refers to stm32f1xx_hal_cortex.o(.text.HAL_NVIC_GetActive) for [Anonymous Symbol]
    stm32f1xx_hal_cortex.o(.ARM.exidx.text.HAL_SYSTICK_CLKSourceConfig) refers to stm32f1xx_hal_cortex.o(.text.HAL_SYSTICK_CLKSourceConfig) for [Anonymous Symbol]
    stm32f1xx_hal_cortex.o(.text.HAL_SYSTICK_IRQHandler) refers to stm32f1xx_hal_cortex.o(.text.HAL_SYSTICK_Callback) for HAL_SYSTICK_Callback
    stm32f1xx_hal_cortex.o(.ARM.exidx.text.HAL_SYSTICK_IRQHandler) refers to stm32f1xx_hal_cortex.o(.text.HAL_SYSTICK_IRQHandler) for [Anonymous Symbol]
    stm32f1xx_hal_cortex.o(.ARM.exidx.text.HAL_SYSTICK_Callback) refers to stm32f1xx_hal_cortex.o(.text.HAL_SYSTICK_Callback) for [Anonymous Symbol]
    stm32f1xx_hal_pwr.o(.ARM.exidx.text.HAL_PWR_DeInit) refers to stm32f1xx_hal_pwr.o(.text.HAL_PWR_DeInit) for [Anonymous Symbol]
    stm32f1xx_hal_pwr.o(.ARM.exidx.text.HAL_PWR_EnableBkUpAccess) refers to stm32f1xx_hal_pwr.o(.text.HAL_PWR_EnableBkUpAccess) for [Anonymous Symbol]
    stm32f1xx_hal_pwr.o(.ARM.exidx.text.HAL_PWR_DisableBkUpAccess) refers to stm32f1xx_hal_pwr.o(.text.HAL_PWR_DisableBkUpAccess) for [Anonymous Symbol]
    stm32f1xx_hal_pwr.o(.ARM.exidx.text.HAL_PWR_ConfigPVD) refers to stm32f1xx_hal_pwr.o(.text.HAL_PWR_ConfigPVD) for [Anonymous Symbol]
    stm32f1xx_hal_pwr.o(.ARM.exidx.text.HAL_PWR_EnablePVD) refers to stm32f1xx_hal_pwr.o(.text.HAL_PWR_EnablePVD) for [Anonymous Symbol]
    stm32f1xx_hal_pwr.o(.ARM.exidx.text.HAL_PWR_DisablePVD) refers to stm32f1xx_hal_pwr.o(.text.HAL_PWR_DisablePVD) for [Anonymous Symbol]
    stm32f1xx_hal_pwr.o(.ARM.exidx.text.HAL_PWR_EnableWakeUpPin) refers to stm32f1xx_hal_pwr.o(.text.HAL_PWR_EnableWakeUpPin) for [Anonymous Symbol]
    stm32f1xx_hal_pwr.o(.ARM.exidx.text.HAL_PWR_DisableWakeUpPin) refers to stm32f1xx_hal_pwr.o(.text.HAL_PWR_DisableWakeUpPin) for [Anonymous Symbol]
    stm32f1xx_hal_pwr.o(.ARM.exidx.text.HAL_PWR_EnterSLEEPMode) refers to stm32f1xx_hal_pwr.o(.text.HAL_PWR_EnterSLEEPMode) for [Anonymous Symbol]
    stm32f1xx_hal_pwr.o(.text.HAL_PWR_EnterSTOPMode) refers to stm32f1xx_hal_pwr.o(.text.PWR_OverloadWfe) for PWR_OverloadWfe
    stm32f1xx_hal_pwr.o(.ARM.exidx.text.HAL_PWR_EnterSTOPMode) refers to stm32f1xx_hal_pwr.o(.text.HAL_PWR_EnterSTOPMode) for [Anonymous Symbol]
    stm32f1xx_hal_pwr.o(.ARM.exidx.text.PWR_OverloadWfe) refers to stm32f1xx_hal_pwr.o(.text.PWR_OverloadWfe) for [Anonymous Symbol]
    stm32f1xx_hal_pwr.o(.ARM.exidx.text.HAL_PWR_EnterSTANDBYMode) refers to stm32f1xx_hal_pwr.o(.text.HAL_PWR_EnterSTANDBYMode) for [Anonymous Symbol]
    stm32f1xx_hal_pwr.o(.ARM.exidx.text.HAL_PWR_EnableSleepOnExit) refers to stm32f1xx_hal_pwr.o(.text.HAL_PWR_EnableSleepOnExit) for [Anonymous Symbol]
    stm32f1xx_hal_pwr.o(.ARM.exidx.text.HAL_PWR_DisableSleepOnExit) refers to stm32f1xx_hal_pwr.o(.text.HAL_PWR_DisableSleepOnExit) for [Anonymous Symbol]
    stm32f1xx_hal_pwr.o(.ARM.exidx.text.HAL_PWR_EnableSEVOnPend) refers to stm32f1xx_hal_pwr.o(.text.HAL_PWR_EnableSEVOnPend) for [Anonymous Symbol]
    stm32f1xx_hal_pwr.o(.ARM.exidx.text.HAL_PWR_DisableSEVOnPend) refers to stm32f1xx_hal_pwr.o(.text.HAL_PWR_DisableSEVOnPend) for [Anonymous Symbol]
    stm32f1xx_hal_pwr.o(.text.HAL_PWR_PVD_IRQHandler) refers to stm32f1xx_hal_pwr.o(.text.HAL_PWR_PVDCallback) for HAL_PWR_PVDCallback
    stm32f1xx_hal_pwr.o(.ARM.exidx.text.HAL_PWR_PVD_IRQHandler) refers to stm32f1xx_hal_pwr.o(.text.HAL_PWR_PVD_IRQHandler) for [Anonymous Symbol]
    stm32f1xx_hal_pwr.o(.ARM.exidx.text.HAL_PWR_PVDCallback) refers to stm32f1xx_hal_pwr.o(.text.HAL_PWR_PVDCallback) for [Anonymous Symbol]
    stm32f1xx_hal_flash.o(.text.HAL_FLASH_Program) refers to stm32f1xx_hal_flash.o(.bss.pFlash) for pFlash
    stm32f1xx_hal_flash.o(.text.HAL_FLASH_Program) refers to stm32f1xx_hal_flash.o(.text.FLASH_WaitForLastOperation) for FLASH_WaitForLastOperation
    stm32f1xx_hal_flash.o(.ARM.exidx.text.HAL_FLASH_Program) refers to stm32f1xx_hal_flash.o(.text.HAL_FLASH_Program) for [Anonymous Symbol]
    stm32f1xx_hal_flash.o(.text.FLASH_WaitForLastOperation) refers to stm32f1xx_hal.o(.text.HAL_GetTick) for HAL_GetTick
    stm32f1xx_hal_flash.o(.text.FLASH_WaitForLastOperation) refers to stm32f1xx_hal_flash.o(.bss.pFlash) for pFlash
    stm32f1xx_hal_flash.o(.ARM.exidx.text.FLASH_WaitForLastOperation) refers to stm32f1xx_hal_flash.o(.text.FLASH_WaitForLastOperation) for [Anonymous Symbol]
    stm32f1xx_hal_flash.o(.text.HAL_FLASH_Program_IT) refers to stm32f1xx_hal_flash.o(.bss.pFlash) for pFlash
    stm32f1xx_hal_flash.o(.ARM.exidx.text.HAL_FLASH_Program_IT) refers to stm32f1xx_hal_flash.o(.text.HAL_FLASH_Program_IT) for [Anonymous Symbol]
    stm32f1xx_hal_flash.o(.text.HAL_FLASH_IRQHandler) refers to stm32f1xx_hal_flash.o(.bss.pFlash) for pFlash
    stm32f1xx_hal_flash.o(.text.HAL_FLASH_IRQHandler) refers to stm32f1xx_hal_flash.o(.text.HAL_FLASH_OperationErrorCallback) for HAL_FLASH_OperationErrorCallback
    stm32f1xx_hal_flash.o(.text.HAL_FLASH_IRQHandler) refers to stm32f1xx_hal_flash.o(.text.HAL_FLASH_EndOfOperationCallback) for HAL_FLASH_EndOfOperationCallback
    stm32f1xx_hal_flash.o(.text.HAL_FLASH_IRQHandler) refers to stm32f1xx_hal_flash_ex.o(.text.FLASH_PageErase) for FLASH_PageErase
    stm32f1xx_hal_flash.o(.ARM.exidx.text.HAL_FLASH_IRQHandler) refers to stm32f1xx_hal_flash.o(.text.HAL_FLASH_IRQHandler) for [Anonymous Symbol]
    stm32f1xx_hal_flash.o(.ARM.exidx.text.HAL_FLASH_OperationErrorCallback) refers to stm32f1xx_hal_flash.o(.text.HAL_FLASH_OperationErrorCallback) for [Anonymous Symbol]
    stm32f1xx_hal_flash.o(.ARM.exidx.text.HAL_FLASH_EndOfOperationCallback) refers to stm32f1xx_hal_flash.o(.text.HAL_FLASH_EndOfOperationCallback) for [Anonymous Symbol]
    stm32f1xx_hal_flash.o(.ARM.exidx.text.HAL_FLASH_Unlock) refers to stm32f1xx_hal_flash.o(.text.HAL_FLASH_Unlock) for [Anonymous Symbol]
    stm32f1xx_hal_flash.o(.ARM.exidx.text.HAL_FLASH_Lock) refers to stm32f1xx_hal_flash.o(.text.HAL_FLASH_Lock) for [Anonymous Symbol]
    stm32f1xx_hal_flash.o(.ARM.exidx.text.HAL_FLASH_OB_Unlock) refers to stm32f1xx_hal_flash.o(.text.HAL_FLASH_OB_Unlock) for [Anonymous Symbol]
    stm32f1xx_hal_flash.o(.ARM.exidx.text.HAL_FLASH_OB_Lock) refers to stm32f1xx_hal_flash.o(.text.HAL_FLASH_OB_Lock) for [Anonymous Symbol]
    stm32f1xx_hal_flash.o(.text.HAL_FLASH_OB_Launch) refers to stm32f1xx_hal_cortex.o(.text.HAL_NVIC_SystemReset) for HAL_NVIC_SystemReset
    stm32f1xx_hal_flash.o(.ARM.exidx.text.HAL_FLASH_OB_Launch) refers to stm32f1xx_hal_flash.o(.text.HAL_FLASH_OB_Launch) for [Anonymous Symbol]
    stm32f1xx_hal_flash.o(.text.HAL_FLASH_GetError) refers to stm32f1xx_hal_flash.o(.bss.pFlash) for pFlash
    stm32f1xx_hal_flash.o(.ARM.exidx.text.HAL_FLASH_GetError) refers to stm32f1xx_hal_flash.o(.text.HAL_FLASH_GetError) for [Anonymous Symbol]
    stm32f1xx_hal_flash_ex.o(.text.HAL_FLASHEx_Erase) refers to stm32f1xx_hal_flash.o(.bss.pFlash) for pFlash
    stm32f1xx_hal_flash_ex.o(.text.HAL_FLASHEx_Erase) refers to stm32f1xx_hal_flash.o(.text.FLASH_WaitForLastOperation) for FLASH_WaitForLastOperation
    stm32f1xx_hal_flash_ex.o(.ARM.exidx.text.HAL_FLASHEx_Erase) refers to stm32f1xx_hal_flash_ex.o(.text.HAL_FLASHEx_Erase) for [Anonymous Symbol]
    stm32f1xx_hal_flash_ex.o(.text.FLASH_PageErase) refers to stm32f1xx_hal_flash.o(.bss.pFlash) for pFlash
    stm32f1xx_hal_flash_ex.o(.ARM.exidx.text.FLASH_PageErase) refers to stm32f1xx_hal_flash_ex.o(.text.FLASH_PageErase) for [Anonymous Symbol]
    stm32f1xx_hal_flash_ex.o(.text.HAL_FLASHEx_Erase_IT) refers to stm32f1xx_hal_flash.o(.bss.pFlash) for pFlash
    stm32f1xx_hal_flash_ex.o(.ARM.exidx.text.HAL_FLASHEx_Erase_IT) refers to stm32f1xx_hal_flash_ex.o(.text.HAL_FLASHEx_Erase_IT) for [Anonymous Symbol]
    stm32f1xx_hal_flash_ex.o(.text.HAL_FLASHEx_OBErase) refers to stm32f1xx_hal_flash.o(.text.FLASH_WaitForLastOperation) for FLASH_WaitForLastOperation
    stm32f1xx_hal_flash_ex.o(.text.HAL_FLASHEx_OBErase) refers to stm32f1xx_hal_flash.o(.bss.pFlash) for pFlash
    stm32f1xx_hal_flash_ex.o(.ARM.exidx.text.HAL_FLASHEx_OBErase) refers to stm32f1xx_hal_flash_ex.o(.text.HAL_FLASHEx_OBErase) for [Anonymous Symbol]
    stm32f1xx_hal_flash_ex.o(.text.HAL_FLASHEx_OBProgram) refers to stm32f1xx_hal_flash.o(.bss.pFlash) for pFlash
    stm32f1xx_hal_flash_ex.o(.text.HAL_FLASHEx_OBProgram) refers to stm32f1xx_hal_flash.o(.text.FLASH_WaitForLastOperation) for FLASH_WaitForLastOperation
    stm32f1xx_hal_flash_ex.o(.text.HAL_FLASHEx_OBProgram) refers to stm32f1xx_hal_flash_ex.o(.text.HAL_FLASHEx_OBErase) for HAL_FLASHEx_OBErase
    stm32f1xx_hal_flash_ex.o(.ARM.exidx.text.HAL_FLASHEx_OBProgram) refers to stm32f1xx_hal_flash_ex.o(.text.HAL_FLASHEx_OBProgram) for [Anonymous Symbol]
    stm32f1xx_hal_flash_ex.o(.ARM.exidx.text.HAL_FLASHEx_OBGetConfig) refers to stm32f1xx_hal_flash_ex.o(.text.HAL_FLASHEx_OBGetConfig) for [Anonymous Symbol]
    stm32f1xx_hal_flash_ex.o(.ARM.exidx.text.HAL_FLASHEx_OBGetUserData) refers to stm32f1xx_hal_flash_ex.o(.text.HAL_FLASHEx_OBGetUserData) for [Anonymous Symbol]
    stm32f1xx_hal_exti.o(.ARM.exidx.text.HAL_EXTI_SetConfigLine) refers to stm32f1xx_hal_exti.o(.text.HAL_EXTI_SetConfigLine) for [Anonymous Symbol]
    stm32f1xx_hal_exti.o(.ARM.exidx.text.HAL_EXTI_GetConfigLine) refers to stm32f1xx_hal_exti.o(.text.HAL_EXTI_GetConfigLine) for [Anonymous Symbol]
    stm32f1xx_hal_exti.o(.ARM.exidx.text.HAL_EXTI_ClearConfigLine) refers to stm32f1xx_hal_exti.o(.text.HAL_EXTI_ClearConfigLine) for [Anonymous Symbol]
    stm32f1xx_hal_exti.o(.ARM.exidx.text.HAL_EXTI_RegisterCallback) refers to stm32f1xx_hal_exti.o(.text.HAL_EXTI_RegisterCallback) for [Anonymous Symbol]
    stm32f1xx_hal_exti.o(.ARM.exidx.text.HAL_EXTI_GetHandle) refers to stm32f1xx_hal_exti.o(.text.HAL_EXTI_GetHandle) for [Anonymous Symbol]
    stm32f1xx_hal_exti.o(.ARM.exidx.text.HAL_EXTI_IRQHandler) refers to stm32f1xx_hal_exti.o(.text.HAL_EXTI_IRQHandler) for [Anonymous Symbol]
    stm32f1xx_hal_exti.o(.ARM.exidx.text.HAL_EXTI_GetPending) refers to stm32f1xx_hal_exti.o(.text.HAL_EXTI_GetPending) for [Anonymous Symbol]
    stm32f1xx_hal_exti.o(.ARM.exidx.text.HAL_EXTI_ClearPending) refers to stm32f1xx_hal_exti.o(.text.HAL_EXTI_ClearPending) for [Anonymous Symbol]
    stm32f1xx_hal_exti.o(.ARM.exidx.text.HAL_EXTI_GenerateSWI) refers to stm32f1xx_hal_exti.o(.text.HAL_EXTI_GenerateSWI) for [Anonymous Symbol]
    system_stm32f1xx.o(.ARM.exidx.text.SystemInit) refers to system_stm32f1xx.o(.text.SystemInit) for [Anonymous Symbol]
    system_stm32f1xx.o(.text.SystemCoreClockUpdate) refers to system_stm32f1xx.o(.data.SystemCoreClock) for SystemCoreClock
    system_stm32f1xx.o(.text.SystemCoreClockUpdate) refers to system_stm32f1xx.o(.rodata.AHBPrescTable) for AHBPrescTable
    system_stm32f1xx.o(.ARM.exidx.text.SystemCoreClockUpdate) refers to system_stm32f1xx.o(.text.SystemCoreClockUpdate) for [Anonymous Symbol]
    entry.o(.ARM.Collect$$$$00000000) refers (Special) to entry10a.o(.ARM.Collect$$$$0000000D) for __rt_final_cpp
    entry.o(.ARM.Collect$$$$00000000) refers (Special) to entry11a.o(.ARM.Collect$$$$0000000F) for __rt_final_exit
    entry.o(.ARM.Collect$$$$00000000) refers (Special) to entry7b.o(.ARM.Collect$$$$00000008) for _main_clock
    entry.o(.ARM.Collect$$$$00000000) refers (Special) to entry8b.o(.ARM.Collect$$$$0000000A) for _main_cpp_init
    entry.o(.ARM.Collect$$$$00000000) refers (Special) to entry9a.o(.ARM.Collect$$$$0000000B) for _main_init
    entry.o(.ARM.Collect$$$$00000000) refers (Special) to entry5.o(.ARM.Collect$$$$00000004) for _main_scatterload
    entry.o(.ARM.Collect$$$$00000000) refers (Special) to entry2.o(.ARM.Collect$$$$00000001) for _main_stk
    ffixi.o(.text) refers (Special) to iusefp.o(.text) for __I$use$fp
    entry2.o(.ARM.Collect$$$$00000001) refers to entry2.o(.ARM.Collect$$$$00002712) for __lit__00000000
    entry2.o(.ARM.Collect$$$$00002712) refers to startup_stm32f103xb.o(STACK) for __initial_sp
    entry2.o(__vectab_stack_and_reset_area) refers to startup_stm32f103xb.o(STACK) for __initial_sp
    entry2.o(__vectab_stack_and_reset_area) refers to entry.o(.ARM.Collect$$$$00000000) for __main
    entry5.o(.ARM.Collect$$$$00000004) refers to init.o(.text) for __scatterload
    entry9a.o(.ARM.Collect$$$$0000000B) refers to main.o(.text.main) for main
    entry9b.o(.ARM.Collect$$$$0000000C) refers to main.o(.text.main) for main
    init.o(.text) refers to entry5.o(.ARM.Collect$$$$00000004) for __main_after_scatterload


==============================================================================

Removing Unused input sections from the image.

    Removing startup_stm32f103xb.o(HEAP), (512 bytes).
    Removing fonts.o(.text), (0 bytes).
    Removing fonts.o(.text.FONTS_GetStringSize), (28 bytes).
    Removing fonts.o(.ARM.exidx.text.FONTS_GetStringSize), (8 bytes).
    Removing fonts.o(.rodata.Font16x26), (4940 bytes).
    Removing fonts.o(.data.Font_16x26), (8 bytes).
    Removing test.o(.text), (0 bytes).
    Removing test.o(.text.TestLines), (3214 bytes).
    Removing test.o(.ARM.exidx.text.TestLines), (8 bytes).
    Removing test.o(.text.TestRectangles), (280 bytes).
    Removing test.o(.ARM.exidx.text.TestRectangles), (8 bytes).
    Removing test.o(.text.TestFilledRectangles), (58 bytes).
    Removing test.o(.ARM.exidx.text.TestFilledRectangles), (8 bytes).
    Removing test.o(.text.TestFilledCircles), (130 bytes).
    Removing test.o(.ARM.exidx.text.TestFilledCircles), (8 bytes).
    Removing test.o(.text.TestCircles), (146 bytes).
    Removing test.o(.ARM.exidx.text.TestCircles), (8 bytes).
    Removing test.o(.text.TestTriangles), (240 bytes).
    Removing test.o(.ARM.exidx.text.TestTriangles), (8 bytes).
    Removing ssd1306.o(.text), (0 bytes).
    Removing ssd1306.o(.text.SSD1306_ScrollRight), (208 bytes).
    Removing ssd1306.o(.ARM.exidx.text.SSD1306_ScrollRight), (8 bytes).
    Removing ssd1306.o(.text.ssd1306_I2C_Write), (46 bytes).
    Removing ssd1306.o(.ARM.exidx.text.ssd1306_I2C_Write), (8 bytes).
    Removing ssd1306.o(.text.SSD1306_ScrollLeft), (208 bytes).
    Removing ssd1306.o(.ARM.exidx.text.SSD1306_ScrollLeft), (8 bytes).
    Removing ssd1306.o(.text.SSD1306_Scrolldiagright), (256 bytes).
    Removing ssd1306.o(.ARM.exidx.text.SSD1306_Scrolldiagright), (8 bytes).
    Removing ssd1306.o(.text.SSD1306_Scrolldiagleft), (256 bytes).
    Removing ssd1306.o(.ARM.exidx.text.SSD1306_Scrolldiagleft), (8 bytes).
    Removing ssd1306.o(.text.SSD1306_Stopscroll), (44 bytes).
    Removing ssd1306.o(.ARM.exidx.text.SSD1306_Stopscroll), (8 bytes).
    Removing ssd1306.o(.text.SSD1306_InvertDisplay), (72 bytes).
    Removing ssd1306.o(.ARM.exidx.text.SSD1306_InvertDisplay), (8 bytes).
    Removing ssd1306.o(.text.SSD1306_DrawBitmap), (866 bytes).
    Removing ssd1306.o(.ARM.exidx.text.SSD1306_DrawBitmap), (8 bytes).
    Removing ssd1306.o(.text.SSD1306_DrawPixel), (98 bytes).
    Removing ssd1306.o(.ARM.exidx.text.SSD1306_DrawPixel), (8 bytes).
    Removing ssd1306.o(.ARM.exidx.text.SSD1306_Init), (8 bytes).
    Removing ssd1306.o(.text.SSD1306_Fill), (28 bytes).
    Removing ssd1306.o(.ARM.exidx.text.SSD1306_Fill), (8 bytes).
    Removing ssd1306.o(.ARM.exidx.text.SSD1306_UpdateScreen), (8 bytes).
    Removing ssd1306.o(.text.ssd1306_I2C_WriteMulti), (122 bytes).
    Removing ssd1306.o(.ARM.exidx.text.ssd1306_I2C_WriteMulti), (8 bytes).
    Removing ssd1306.o(.text.SSD1306_ToggleInvert), (150 bytes).
    Removing ssd1306.o(.ARM.exidx.text.SSD1306_ToggleInvert), (8 bytes).
    Removing ssd1306.o(.ARM.exidx.text.SSD1306_GotoXY), (8 bytes).
    Removing ssd1306.o(.ARM.exidx.text.SSD1306_Putc), (8 bytes).
    Removing ssd1306.o(.ARM.exidx.text.SSD1306_Puts), (8 bytes).
    Removing ssd1306.o(.text.SSD1306_DrawLine), (618 bytes).
    Removing ssd1306.o(.ARM.exidx.text.SSD1306_DrawLine), (8 bytes).
    Removing ssd1306.o(.text.SSD1306_DrawRectangle), (126 bytes).
    Removing ssd1306.o(.ARM.exidx.text.SSD1306_DrawRectangle), (8 bytes).
    Removing ssd1306.o(.text.SSD1306_DrawFilledRectangle), (88 bytes).
    Removing ssd1306.o(.ARM.exidx.text.SSD1306_DrawFilledRectangle), (8 bytes).
    Removing ssd1306.o(.text.SSD1306_DrawTriangle), (68 bytes).
    Removing ssd1306.o(.ARM.exidx.text.SSD1306_DrawTriangle), (8 bytes).
    Removing ssd1306.o(.text.SSD1306_DrawFilledTriangle), (194 bytes).
    Removing ssd1306.o(.ARM.exidx.text.SSD1306_DrawFilledTriangle), (8 bytes).
    Removing ssd1306.o(.text.SSD1306_DrawCircle), (1086 bytes).
    Removing ssd1306.o(.ARM.exidx.text.SSD1306_DrawCircle), (8 bytes).
    Removing ssd1306.o(.text.SSD1306_DrawFilledCircle), (554 bytes).
    Removing ssd1306.o(.ARM.exidx.text.SSD1306_DrawFilledCircle), (8 bytes).
    Removing ssd1306.o(.text.SSD1306_Clear), (26 bytes).
    Removing ssd1306.o(.ARM.exidx.text.SSD1306_Clear), (8 bytes).
    Removing ssd1306.o(.text.SSD1306_ON), (88 bytes).
    Removing ssd1306.o(.ARM.exidx.text.SSD1306_ON), (8 bytes).
    Removing ssd1306.o(.text.SSD1306_OFF), (88 bytes).
    Removing ssd1306.o(.ARM.exidx.text.SSD1306_OFF), (8 bytes).
    Removing ssd1306.o(.text.ssd1306_I2C_Init), (2 bytes).
    Removing ssd1306.o(.ARM.exidx.text.ssd1306_I2C_Init), (8 bytes).
    Removing main.o(.text), (0 bytes).
    Removing main.o(.text.convert_sensor), (24 bytes).
    Removing main.o(.ARM.exidx.text.convert_sensor), (8 bytes).
    Removing main.o(.text.numberToString), (90 bytes).
    Removing main.o(.ARM.exidx.text.numberToString), (8 bytes).
    Removing main.o(.ARM.exidx.text.main), (8 bytes).
    Removing main.o(.text.SystemClock_Config), (74 bytes).
    Removing main.o(.ARM.exidx.text.SystemClock_Config), (8 bytes).
    Removing main.o(.text.Error_Handler), (2 bytes).
    Removing main.o(.ARM.exidx.text.Error_Handler), (8 bytes).
    Removing main.o(.data.ret1), (1 bytes).
    Removing main.o(.ARM.use_no_argv), (4 bytes).
    Removing stm32f1xx_it.o(.text), (0 bytes).
    Removing stm32f1xx_it.o(.ARM.exidx.text.NMI_Handler), (8 bytes).
    Removing stm32f1xx_it.o(.ARM.exidx.text.HardFault_Handler), (8 bytes).
    Removing stm32f1xx_it.o(.ARM.exidx.text.MemManage_Handler), (8 bytes).
    Removing stm32f1xx_it.o(.ARM.exidx.text.BusFault_Handler), (8 bytes).
    Removing stm32f1xx_it.o(.ARM.exidx.text.UsageFault_Handler), (8 bytes).
    Removing stm32f1xx_it.o(.ARM.exidx.text.SVC_Handler), (8 bytes).
    Removing stm32f1xx_it.o(.ARM.exidx.text.DebugMon_Handler), (8 bytes).
    Removing stm32f1xx_it.o(.ARM.exidx.text.PendSV_Handler), (8 bytes).
    Removing stm32f1xx_it.o(.ARM.exidx.text.SysTick_Handler), (8 bytes).
    Removing stm32f1xx_hal_msp.o(.text), (0 bytes).
    Removing stm32f1xx_hal_msp.o(.ARM.exidx.text.HAL_MspInit), (8 bytes).
    Removing stm32f1xx_hal_msp.o(.ARM.exidx.text.HAL_I2C_MspInit), (8 bytes).
    Removing stm32f1xx_hal_msp.o(.text.HAL_I2C_MspDeInit), (96 bytes).
    Removing stm32f1xx_hal_msp.o(.ARM.exidx.text.HAL_I2C_MspDeInit), (8 bytes).
    Removing stm32f1xx_hal_gpio_ex.o(.text), (0 bytes).
    Removing stm32f1xx_hal_gpio_ex.o(.text.HAL_GPIOEx_ConfigEventout), (20 bytes).
    Removing stm32f1xx_hal_gpio_ex.o(.ARM.exidx.text.HAL_GPIOEx_ConfigEventout), (8 bytes).
    Removing stm32f1xx_hal_gpio_ex.o(.text.HAL_GPIOEx_EnableEventout), (16 bytes).
    Removing stm32f1xx_hal_gpio_ex.o(.ARM.exidx.text.HAL_GPIOEx_EnableEventout), (8 bytes).
    Removing stm32f1xx_hal_gpio_ex.o(.text.HAL_GPIOEx_DisableEventout), (16 bytes).
    Removing stm32f1xx_hal_gpio_ex.o(.ARM.exidx.text.HAL_GPIOEx_DisableEventout), (8 bytes).
    Removing stm32f1xx_hal_i2c.o(.text), (0 bytes).
    Removing stm32f1xx_hal_i2c.o(.ARM.exidx.text.HAL_I2C_Init), (8 bytes).
    Removing stm32f1xx_hal_i2c.o(.text.HAL_I2C_MspInit), (2 bytes).
    Removing stm32f1xx_hal_i2c.o(.ARM.exidx.text.HAL_I2C_MspInit), (8 bytes).
    Removing stm32f1xx_hal_i2c.o(.text.HAL_I2C_DeInit), (54 bytes).
    Removing stm32f1xx_hal_i2c.o(.ARM.exidx.text.HAL_I2C_DeInit), (8 bytes).
    Removing stm32f1xx_hal_i2c.o(.text.HAL_I2C_MspDeInit), (2 bytes).
    Removing stm32f1xx_hal_i2c.o(.ARM.exidx.text.HAL_I2C_MspDeInit), (8 bytes).
    Removing stm32f1xx_hal_i2c.o(.ARM.exidx.text.HAL_I2C_Master_Transmit), (8 bytes).
    Removing stm32f1xx_hal_i2c.o(.text.I2C_WaitOnFlagUntilTimeout), (336 bytes).
    Removing stm32f1xx_hal_i2c.o(.ARM.exidx.text.I2C_WaitOnFlagUntilTimeout), (8 bytes).
    Removing stm32f1xx_hal_i2c.o(.text.I2C_WaitOnBTFFlagUntilTimeout), (168 bytes).
    Removing stm32f1xx_hal_i2c.o(.ARM.exidx.text.I2C_WaitOnBTFFlagUntilTimeout), (8 bytes).
    Removing stm32f1xx_hal_i2c.o(.ARM.exidx.text.HAL_I2C_Master_Receive), (8 bytes).
    Removing stm32f1xx_hal_i2c.o(.text.HAL_I2C_Slave_Transmit), (672 bytes).
    Removing stm32f1xx_hal_i2c.o(.ARM.exidx.text.HAL_I2C_Slave_Transmit), (8 bytes).
    Removing stm32f1xx_hal_i2c.o(.text.HAL_I2C_Slave_Receive), (586 bytes).
    Removing stm32f1xx_hal_i2c.o(.ARM.exidx.text.HAL_I2C_Slave_Receive), (8 bytes).
    Removing stm32f1xx_hal_i2c.o(.text.HAL_I2C_Master_Transmit_IT), (378 bytes).
    Removing stm32f1xx_hal_i2c.o(.ARM.exidx.text.HAL_I2C_Master_Transmit_IT), (8 bytes).
    Removing stm32f1xx_hal_i2c.o(.text.HAL_I2C_Master_Receive_IT), (390 bytes).
    Removing stm32f1xx_hal_i2c.o(.ARM.exidx.text.HAL_I2C_Master_Receive_IT), (8 bytes).
    Removing stm32f1xx_hal_i2c.o(.text.HAL_I2C_Slave_Transmit_IT), (136 bytes).
    Removing stm32f1xx_hal_i2c.o(.ARM.exidx.text.HAL_I2C_Slave_Transmit_IT), (8 bytes).
    Removing stm32f1xx_hal_i2c.o(.text.HAL_I2C_Slave_Receive_IT), (136 bytes).
    Removing stm32f1xx_hal_i2c.o(.ARM.exidx.text.HAL_I2C_Slave_Receive_IT), (8 bytes).
    Removing stm32f1xx_hal_i2c.o(.text.HAL_I2C_Master_Transmit_DMA), (420 bytes).
    Removing stm32f1xx_hal_i2c.o(.ARM.exidx.text.HAL_I2C_Master_Transmit_DMA), (8 bytes).
    Removing stm32f1xx_hal_i2c.o(.text.I2C_DMAXferCplt), (290 bytes).
    Removing stm32f1xx_hal_i2c.o(.ARM.exidx.text.I2C_DMAXferCplt), (8 bytes).
    Removing stm32f1xx_hal_i2c.o(.text.I2C_DMAError), (58 bytes).
    Removing stm32f1xx_hal_i2c.o(.ARM.exidx.text.I2C_DMAError), (8 bytes).
    Removing stm32f1xx_hal_i2c.o(.text.HAL_I2C_Master_Receive_DMA), (416 bytes).
    Removing stm32f1xx_hal_i2c.o(.ARM.exidx.text.HAL_I2C_Master_Receive_DMA), (8 bytes).
    Removing stm32f1xx_hal_i2c.o(.text.HAL_I2C_Slave_Transmit_DMA), (246 bytes).
    Removing stm32f1xx_hal_i2c.o(.ARM.exidx.text.HAL_I2C_Slave_Transmit_DMA), (8 bytes).
    Removing stm32f1xx_hal_i2c.o(.text.HAL_I2C_Slave_Receive_DMA), (238 bytes).
    Removing stm32f1xx_hal_i2c.o(.ARM.exidx.text.HAL_I2C_Slave_Receive_DMA), (8 bytes).
    Removing stm32f1xx_hal_i2c.o(.text.HAL_I2C_Mem_Write), (474 bytes).
    Removing stm32f1xx_hal_i2c.o(.ARM.exidx.text.HAL_I2C_Mem_Write), (8 bytes).
    Removing stm32f1xx_hal_i2c.o(.text.I2C_RequestMemoryWrite), (626 bytes).
    Removing stm32f1xx_hal_i2c.o(.ARM.exidx.text.I2C_RequestMemoryWrite), (8 bytes).
    Removing stm32f1xx_hal_i2c.o(.text.HAL_I2C_Mem_Read), (1078 bytes).
    Removing stm32f1xx_hal_i2c.o(.ARM.exidx.text.HAL_I2C_Mem_Read), (8 bytes).
    Removing stm32f1xx_hal_i2c.o(.text.I2C_RequestMemoryRead), (798 bytes).
    Removing stm32f1xx_hal_i2c.o(.ARM.exidx.text.I2C_RequestMemoryRead), (8 bytes).
    Removing stm32f1xx_hal_i2c.o(.text.HAL_I2C_Mem_Write_IT), (276 bytes).
    Removing stm32f1xx_hal_i2c.o(.ARM.exidx.text.HAL_I2C_Mem_Write_IT), (8 bytes).
    Removing stm32f1xx_hal_i2c.o(.text.HAL_I2C_Mem_Read_IT), (304 bytes).
    Removing stm32f1xx_hal_i2c.o(.ARM.exidx.text.HAL_I2C_Mem_Read_IT), (8 bytes).
    Removing stm32f1xx_hal_i2c.o(.text.HAL_I2C_Mem_Write_DMA), (486 bytes).
    Removing stm32f1xx_hal_i2c.o(.ARM.exidx.text.HAL_I2C_Mem_Write_DMA), (8 bytes).
    Removing stm32f1xx_hal_i2c.o(.text.HAL_I2C_Mem_Read_DMA), (544 bytes).
    Removing stm32f1xx_hal_i2c.o(.ARM.exidx.text.HAL_I2C_Mem_Read_DMA), (8 bytes).
    Removing stm32f1xx_hal_i2c.o(.ARM.exidx.text.HAL_I2C_IsDeviceReady), (8 bytes).
    Removing stm32f1xx_hal_i2c.o(.text.HAL_I2C_Master_Seq_Transmit_IT), (338 bytes).
    Removing stm32f1xx_hal_i2c.o(.ARM.exidx.text.HAL_I2C_Master_Seq_Transmit_IT), (8 bytes).
    Removing stm32f1xx_hal_i2c.o(.text.HAL_I2C_Master_Seq_Transmit_DMA), (480 bytes).
    Removing stm32f1xx_hal_i2c.o(.ARM.exidx.text.HAL_I2C_Master_Seq_Transmit_DMA), (8 bytes).
    Removing stm32f1xx_hal_i2c.o(.text.HAL_I2C_Master_Seq_Receive_IT), (412 bytes).
    Removing stm32f1xx_hal_i2c.o(.ARM.exidx.text.HAL_I2C_Master_Seq_Receive_IT), (8 bytes).
    Removing stm32f1xx_hal_i2c.o(.text.HAL_I2C_Master_Seq_Receive_DMA), (574 bytes).
    Removing stm32f1xx_hal_i2c.o(.ARM.exidx.text.HAL_I2C_Master_Seq_Receive_DMA), (8 bytes).
    Removing stm32f1xx_hal_i2c.o(.text.HAL_I2C_Slave_Seq_Transmit_IT), (168 bytes).
    Removing stm32f1xx_hal_i2c.o(.ARM.exidx.text.HAL_I2C_Slave_Seq_Transmit_IT), (8 bytes).
    Removing stm32f1xx_hal_i2c.o(.text.HAL_I2C_Slave_Seq_Transmit_DMA), (362 bytes).
    Removing stm32f1xx_hal_i2c.o(.ARM.exidx.text.HAL_I2C_Slave_Seq_Transmit_DMA), (8 bytes).
    Removing stm32f1xx_hal_i2c.o(.text.I2C_DMAAbort), (290 bytes).
    Removing stm32f1xx_hal_i2c.o(.ARM.exidx.text.I2C_DMAAbort), (8 bytes).
    Removing stm32f1xx_hal_i2c.o(.text.HAL_I2C_Slave_Seq_Receive_IT), (168 bytes).
    Removing stm32f1xx_hal_i2c.o(.ARM.exidx.text.HAL_I2C_Slave_Seq_Receive_IT), (8 bytes).
    Removing stm32f1xx_hal_i2c.o(.text.HAL_I2C_Slave_Seq_Receive_DMA), (362 bytes).
    Removing stm32f1xx_hal_i2c.o(.ARM.exidx.text.HAL_I2C_Slave_Seq_Receive_DMA), (8 bytes).
    Removing stm32f1xx_hal_i2c.o(.text.HAL_I2C_EnableListen_IT), (54 bytes).
    Removing stm32f1xx_hal_i2c.o(.ARM.exidx.text.HAL_I2C_EnableListen_IT), (8 bytes).
    Removing stm32f1xx_hal_i2c.o(.text.HAL_I2C_DisableListen_IT), (64 bytes).
    Removing stm32f1xx_hal_i2c.o(.ARM.exidx.text.HAL_I2C_DisableListen_IT), (8 bytes).
    Removing stm32f1xx_hal_i2c.o(.text.HAL_I2C_Master_Abort_IT), (80 bytes).
    Removing stm32f1xx_hal_i2c.o(.ARM.exidx.text.HAL_I2C_Master_Abort_IT), (8 bytes).
    Removing stm32f1xx_hal_i2c.o(.text.I2C_ITError), (396 bytes).
    Removing stm32f1xx_hal_i2c.o(.ARM.exidx.text.I2C_ITError), (8 bytes).
    Removing stm32f1xx_hal_i2c.o(.text.HAL_I2C_EV_IRQHandler), (1628 bytes).
    Removing stm32f1xx_hal_i2c.o(.ARM.exidx.text.HAL_I2C_EV_IRQHandler), (8 bytes).
    Removing stm32f1xx_hal_i2c.o(.text.I2C_MasterTransmit_TXE), (178 bytes).
    Removing stm32f1xx_hal_i2c.o(.ARM.exidx.text.I2C_MasterTransmit_TXE), (8 bytes).
    Removing stm32f1xx_hal_i2c.o(.text.I2C_MasterTransmit_BTF), (130 bytes).
    Removing stm32f1xx_hal_i2c.o(.ARM.exidx.text.I2C_MasterTransmit_BTF), (8 bytes).
    Removing stm32f1xx_hal_i2c.o(.text.I2C_MemoryTransmit_TXE_BTF), (180 bytes).
    Removing stm32f1xx_hal_i2c.o(.ARM.exidx.text.I2C_MemoryTransmit_TXE_BTF), (8 bytes).
    Removing stm32f1xx_hal_i2c.o(.text.I2C_MasterReceive_RXNE), (310 bytes).
    Removing stm32f1xx_hal_i2c.o(.ARM.exidx.text.I2C_MasterReceive_RXNE), (8 bytes).
    Removing stm32f1xx_hal_i2c.o(.text.I2C_MasterReceive_BTF), (232 bytes).
    Removing stm32f1xx_hal_i2c.o(.ARM.exidx.text.I2C_MasterReceive_BTF), (8 bytes).
    Removing stm32f1xx_hal_i2c.o(.text.HAL_I2C_ER_IRQHandler), (332 bytes).
    Removing stm32f1xx_hal_i2c.o(.ARM.exidx.text.HAL_I2C_ER_IRQHandler), (8 bytes).
    Removing stm32f1xx_hal_i2c.o(.text.HAL_I2C_MasterTxCpltCallback), (2 bytes).
    Removing stm32f1xx_hal_i2c.o(.ARM.exidx.text.HAL_I2C_MasterTxCpltCallback), (8 bytes).
    Removing stm32f1xx_hal_i2c.o(.text.HAL_I2C_MasterRxCpltCallback), (2 bytes).
    Removing stm32f1xx_hal_i2c.o(.ARM.exidx.text.HAL_I2C_MasterRxCpltCallback), (8 bytes).
    Removing stm32f1xx_hal_i2c.o(.text.HAL_I2C_SlaveTxCpltCallback), (2 bytes).
    Removing stm32f1xx_hal_i2c.o(.ARM.exidx.text.HAL_I2C_SlaveTxCpltCallback), (8 bytes).
    Removing stm32f1xx_hal_i2c.o(.text.HAL_I2C_SlaveRxCpltCallback), (2 bytes).
    Removing stm32f1xx_hal_i2c.o(.ARM.exidx.text.HAL_I2C_SlaveRxCpltCallback), (8 bytes).
    Removing stm32f1xx_hal_i2c.o(.text.HAL_I2C_AddrCallback), (2 bytes).
    Removing stm32f1xx_hal_i2c.o(.ARM.exidx.text.HAL_I2C_AddrCallback), (8 bytes).
    Removing stm32f1xx_hal_i2c.o(.text.HAL_I2C_ListenCpltCallback), (2 bytes).
    Removing stm32f1xx_hal_i2c.o(.ARM.exidx.text.HAL_I2C_ListenCpltCallback), (8 bytes).
    Removing stm32f1xx_hal_i2c.o(.text.HAL_I2C_MemTxCpltCallback), (2 bytes).
    Removing stm32f1xx_hal_i2c.o(.ARM.exidx.text.HAL_I2C_MemTxCpltCallback), (8 bytes).
    Removing stm32f1xx_hal_i2c.o(.text.HAL_I2C_MemRxCpltCallback), (2 bytes).
    Removing stm32f1xx_hal_i2c.o(.ARM.exidx.text.HAL_I2C_MemRxCpltCallback), (8 bytes).
    Removing stm32f1xx_hal_i2c.o(.text.HAL_I2C_ErrorCallback), (2 bytes).
    Removing stm32f1xx_hal_i2c.o(.ARM.exidx.text.HAL_I2C_ErrorCallback), (8 bytes).
    Removing stm32f1xx_hal_i2c.o(.text.HAL_I2C_AbortCpltCallback), (2 bytes).
    Removing stm32f1xx_hal_i2c.o(.ARM.exidx.text.HAL_I2C_AbortCpltCallback), (8 bytes).
    Removing stm32f1xx_hal_i2c.o(.text.HAL_I2C_GetState), (6 bytes).
    Removing stm32f1xx_hal_i2c.o(.ARM.exidx.text.HAL_I2C_GetState), (8 bytes).
    Removing stm32f1xx_hal_i2c.o(.text.HAL_I2C_GetMode), (6 bytes).
    Removing stm32f1xx_hal_i2c.o(.ARM.exidx.text.HAL_I2C_GetMode), (8 bytes).
    Removing stm32f1xx_hal_i2c.o(.text.HAL_I2C_GetError), (4 bytes).
    Removing stm32f1xx_hal_i2c.o(.ARM.exidx.text.HAL_I2C_GetError), (8 bytes).
    Removing stm32f1xx_hal_i2c.o(.text.I2C_WaitOnMasterAddressFlagUntilTimeout), (184 bytes).
    Removing stm32f1xx_hal_i2c.o(.ARM.exidx.text.I2C_WaitOnMasterAddressFlagUntilTimeout), (8 bytes).
    Removing stm32f1xx_hal.o(.text), (0 bytes).
    Removing stm32f1xx_hal.o(.ARM.exidx.text.HAL_Init), (8 bytes).
    Removing stm32f1xx_hal.o(.ARM.exidx.text.HAL_InitTick), (8 bytes).
    Removing stm32f1xx_hal.o(.text.HAL_MspInit), (2 bytes).
    Removing stm32f1xx_hal.o(.ARM.exidx.text.HAL_MspInit), (8 bytes).
    Removing stm32f1xx_hal.o(.text.HAL_DeInit), (32 bytes).
    Removing stm32f1xx_hal.o(.ARM.exidx.text.HAL_DeInit), (8 bytes).
    Removing stm32f1xx_hal.o(.text.HAL_MspDeInit), (2 bytes).
    Removing stm32f1xx_hal.o(.ARM.exidx.text.HAL_MspDeInit), (8 bytes).
    Removing stm32f1xx_hal.o(.ARM.exidx.text.HAL_IncTick), (8 bytes).
    Removing stm32f1xx_hal.o(.ARM.exidx.text.HAL_GetTick), (8 bytes).
    Removing stm32f1xx_hal.o(.text.HAL_GetTickPrio), (12 bytes).
    Removing stm32f1xx_hal.o(.ARM.exidx.text.HAL_GetTickPrio), (8 bytes).
    Removing stm32f1xx_hal.o(.text.HAL_SetTickFreq), (38 bytes).
    Removing stm32f1xx_hal.o(.ARM.exidx.text.HAL_SetTickFreq), (8 bytes).
    Removing stm32f1xx_hal.o(.text.HAL_GetTickFreq), (12 bytes).
    Removing stm32f1xx_hal.o(.ARM.exidx.text.HAL_GetTickFreq), (8 bytes).
    Removing stm32f1xx_hal.o(.ARM.exidx.text.HAL_Delay), (8 bytes).
    Removing stm32f1xx_hal.o(.text.HAL_SuspendTick), (18 bytes).
    Removing stm32f1xx_hal.o(.ARM.exidx.text.HAL_SuspendTick), (8 bytes).
    Removing stm32f1xx_hal.o(.text.HAL_ResumeTick), (18 bytes).
    Removing stm32f1xx_hal.o(.ARM.exidx.text.HAL_ResumeTick), (8 bytes).
    Removing stm32f1xx_hal.o(.text.HAL_GetHalVersion), (10 bytes).
    Removing stm32f1xx_hal.o(.ARM.exidx.text.HAL_GetHalVersion), (8 bytes).
    Removing stm32f1xx_hal.o(.text.HAL_GetREVID), (14 bytes).
    Removing stm32f1xx_hal.o(.ARM.exidx.text.HAL_GetREVID), (8 bytes).
    Removing stm32f1xx_hal.o(.text.HAL_GetDEVID), (16 bytes).
    Removing stm32f1xx_hal.o(.ARM.exidx.text.HAL_GetDEVID), (8 bytes).
    Removing stm32f1xx_hal.o(.text.HAL_GetUIDw0), (12 bytes).
    Removing stm32f1xx_hal.o(.ARM.exidx.text.HAL_GetUIDw0), (8 bytes).
    Removing stm32f1xx_hal.o(.text.HAL_GetUIDw1), (12 bytes).
    Removing stm32f1xx_hal.o(.ARM.exidx.text.HAL_GetUIDw1), (8 bytes).
    Removing stm32f1xx_hal.o(.text.HAL_GetUIDw2), (12 bytes).
    Removing stm32f1xx_hal.o(.ARM.exidx.text.HAL_GetUIDw2), (8 bytes).
    Removing stm32f1xx_hal.o(.text.HAL_DBGMCU_EnableDBGSleepMode), (18 bytes).
    Removing stm32f1xx_hal.o(.ARM.exidx.text.HAL_DBGMCU_EnableDBGSleepMode), (8 bytes).
    Removing stm32f1xx_hal.o(.text.HAL_DBGMCU_DisableDBGSleepMode), (18 bytes).
    Removing stm32f1xx_hal.o(.ARM.exidx.text.HAL_DBGMCU_DisableDBGSleepMode), (8 bytes).
    Removing stm32f1xx_hal.o(.text.HAL_DBGMCU_EnableDBGStopMode), (18 bytes).
    Removing stm32f1xx_hal.o(.ARM.exidx.text.HAL_DBGMCU_EnableDBGStopMode), (8 bytes).
    Removing stm32f1xx_hal.o(.text.HAL_DBGMCU_DisableDBGStopMode), (18 bytes).
    Removing stm32f1xx_hal.o(.ARM.exidx.text.HAL_DBGMCU_DisableDBGStopMode), (8 bytes).
    Removing stm32f1xx_hal.o(.text.HAL_DBGMCU_EnableDBGStandbyMode), (18 bytes).
    Removing stm32f1xx_hal.o(.ARM.exidx.text.HAL_DBGMCU_EnableDBGStandbyMode), (8 bytes).
    Removing stm32f1xx_hal.o(.text.HAL_DBGMCU_DisableDBGStandbyMode), (18 bytes).
    Removing stm32f1xx_hal.o(.ARM.exidx.text.HAL_DBGMCU_DisableDBGStandbyMode), (8 bytes).
    Removing stm32f1xx_hal_rcc.o(.text), (0 bytes).
    Removing stm32f1xx_hal_rcc.o(.text.HAL_RCC_DeInit), (234 bytes).
    Removing stm32f1xx_hal_rcc.o(.ARM.exidx.text.HAL_RCC_DeInit), (8 bytes).
    Removing stm32f1xx_hal_rcc.o(.ARM.exidx.text.HAL_RCC_OscConfig), (8 bytes).
    Removing stm32f1xx_hal_rcc.o(.ARM.exidx.text.HAL_RCC_ClockConfig), (8 bytes).
    Removing stm32f1xx_hal_rcc.o(.text.HAL_RCC_GetSysClockFreq), (86 bytes).
    Removing stm32f1xx_hal_rcc.o(.ARM.exidx.text.HAL_RCC_GetSysClockFreq), (8 bytes).
    Removing stm32f1xx_hal_rcc.o(.text.HAL_RCC_MCOConfig), (82 bytes).
    Removing stm32f1xx_hal_rcc.o(.ARM.exidx.text.HAL_RCC_MCOConfig), (8 bytes).
    Removing stm32f1xx_hal_rcc.o(.text.HAL_RCC_EnableCSS), (12 bytes).
    Removing stm32f1xx_hal_rcc.o(.ARM.exidx.text.HAL_RCC_EnableCSS), (8 bytes).
    Removing stm32f1xx_hal_rcc.o(.text.HAL_RCC_DisableCSS), (12 bytes).
    Removing stm32f1xx_hal_rcc.o(.ARM.exidx.text.HAL_RCC_DisableCSS), (8 bytes).
    Removing stm32f1xx_hal_rcc.o(.text.HAL_RCC_GetHCLKFreq), (12 bytes).
    Removing stm32f1xx_hal_rcc.o(.ARM.exidx.text.HAL_RCC_GetHCLKFreq), (8 bytes).
    Removing stm32f1xx_hal_rcc.o(.ARM.exidx.text.HAL_RCC_GetPCLK1Freq), (8 bytes).
    Removing stm32f1xx_hal_rcc.o(.text.HAL_RCC_GetPCLK2Freq), (38 bytes).
    Removing stm32f1xx_hal_rcc.o(.ARM.exidx.text.HAL_RCC_GetPCLK2Freq), (8 bytes).
    Removing stm32f1xx_hal_rcc.o(.text.HAL_RCC_GetOscConfig), (128 bytes).
    Removing stm32f1xx_hal_rcc.o(.ARM.exidx.text.HAL_RCC_GetOscConfig), (8 bytes).
    Removing stm32f1xx_hal_rcc.o(.text.HAL_RCC_GetClockConfig), (66 bytes).
    Removing stm32f1xx_hal_rcc.o(.ARM.exidx.text.HAL_RCC_GetClockConfig), (8 bytes).
    Removing stm32f1xx_hal_rcc.o(.text.HAL_RCC_NMI_IRQHandler), (28 bytes).
    Removing stm32f1xx_hal_rcc.o(.ARM.exidx.text.HAL_RCC_NMI_IRQHandler), (8 bytes).
    Removing stm32f1xx_hal_rcc.o(.text.HAL_RCC_CSSCallback), (2 bytes).
    Removing stm32f1xx_hal_rcc.o(.ARM.exidx.text.HAL_RCC_CSSCallback), (8 bytes).
    Removing stm32f1xx_hal_rcc_ex.o(.text), (0 bytes).
    Removing stm32f1xx_hal_rcc_ex.o(.text.HAL_RCCEx_PeriphCLKConfig), (266 bytes).
    Removing stm32f1xx_hal_rcc_ex.o(.ARM.exidx.text.HAL_RCCEx_PeriphCLKConfig), (8 bytes).
    Removing stm32f1xx_hal_rcc_ex.o(.text.HAL_RCCEx_GetPeriphCLKConfig), (38 bytes).
    Removing stm32f1xx_hal_rcc_ex.o(.ARM.exidx.text.HAL_RCCEx_GetPeriphCLKConfig), (8 bytes).
    Removing stm32f1xx_hal_rcc_ex.o(.text.HAL_RCCEx_GetPeriphCLKFreq), (240 bytes).
    Removing stm32f1xx_hal_rcc_ex.o(.ARM.exidx.text.HAL_RCCEx_GetPeriphCLKFreq), (8 bytes).
    Removing stm32f1xx_hal_gpio.o(.text), (0 bytes).
    Removing stm32f1xx_hal_gpio.o(.ARM.exidx.text.HAL_GPIO_Init), (8 bytes).
    Removing stm32f1xx_hal_gpio.o(.text.HAL_GPIO_DeInit), (282 bytes).
    Removing stm32f1xx_hal_gpio.o(.ARM.exidx.text.HAL_GPIO_DeInit), (8 bytes).
    Removing stm32f1xx_hal_gpio.o(.text.HAL_GPIO_ReadPin), (10 bytes).
    Removing stm32f1xx_hal_gpio.o(.ARM.exidx.text.HAL_GPIO_ReadPin), (8 bytes).
    Removing stm32f1xx_hal_gpio.o(.text.HAL_GPIO_WritePin), (10 bytes).
    Removing stm32f1xx_hal_gpio.o(.ARM.exidx.text.HAL_GPIO_WritePin), (8 bytes).
    Removing stm32f1xx_hal_gpio.o(.text.HAL_GPIO_TogglePin), (16 bytes).
    Removing stm32f1xx_hal_gpio.o(.ARM.exidx.text.HAL_GPIO_TogglePin), (8 bytes).
    Removing stm32f1xx_hal_gpio.o(.text.HAL_GPIO_LockPin), (40 bytes).
    Removing stm32f1xx_hal_gpio.o(.ARM.exidx.text.HAL_GPIO_LockPin), (8 bytes).
    Removing stm32f1xx_hal_gpio.o(.text.HAL_GPIO_EXTI_IRQHandler), (22 bytes).
    Removing stm32f1xx_hal_gpio.o(.ARM.exidx.text.HAL_GPIO_EXTI_IRQHandler), (8 bytes).
    Removing stm32f1xx_hal_gpio.o(.text.HAL_GPIO_EXTI_Callback), (2 bytes).
    Removing stm32f1xx_hal_gpio.o(.ARM.exidx.text.HAL_GPIO_EXTI_Callback), (8 bytes).
    Removing stm32f1xx_hal_dma.o(.text), (0 bytes).
    Removing stm32f1xx_hal_dma.o(.text.HAL_DMA_Init), (118 bytes).
    Removing stm32f1xx_hal_dma.o(.ARM.exidx.text.HAL_DMA_Init), (8 bytes).
    Removing stm32f1xx_hal_dma.o(.text.HAL_DMA_DeInit), (94 bytes).
    Removing stm32f1xx_hal_dma.o(.ARM.exidx.text.HAL_DMA_DeInit), (8 bytes).
    Removing stm32f1xx_hal_dma.o(.text.HAL_DMA_Start), (108 bytes).
    Removing stm32f1xx_hal_dma.o(.ARM.exidx.text.HAL_DMA_Start), (8 bytes).
    Removing stm32f1xx_hal_dma.o(.text.HAL_DMA_Start_IT), (156 bytes).
    Removing stm32f1xx_hal_dma.o(.ARM.exidx.text.HAL_DMA_Start_IT), (8 bytes).
    Removing stm32f1xx_hal_dma.o(.text.HAL_DMA_Abort), (70 bytes).
    Removing stm32f1xx_hal_dma.o(.ARM.exidx.text.HAL_DMA_Abort), (8 bytes).
    Removing stm32f1xx_hal_dma.o(.text.HAL_DMA_Abort_IT), (170 bytes).
    Removing stm32f1xx_hal_dma.o(.ARM.exidx.text.HAL_DMA_Abort_IT), (8 bytes).
    Removing stm32f1xx_hal_dma.o(.text.HAL_DMA_PollForTransfer), (1462 bytes).
    Removing stm32f1xx_hal_dma.o(.ARM.exidx.text.HAL_DMA_PollForTransfer), (8 bytes).
    Removing stm32f1xx_hal_dma.o(.text.HAL_DMA_IRQHandler), (412 bytes).
    Removing stm32f1xx_hal_dma.o(.ARM.exidx.text.HAL_DMA_IRQHandler), (8 bytes).
    Removing stm32f1xx_hal_dma.o(.text.HAL_DMA_RegisterCallback), (86 bytes).
    Removing stm32f1xx_hal_dma.o(.ARM.exidx.text.HAL_DMA_RegisterCallback), (8 bytes).
    Removing stm32f1xx_hal_dma.o(.text.HAL_DMA_UnRegisterCallback), (120 bytes).
    Removing stm32f1xx_hal_dma.o(.ARM.exidx.text.HAL_DMA_UnRegisterCallback), (8 bytes).
    Removing stm32f1xx_hal_dma.o(.text.HAL_DMA_GetState), (6 bytes).
    Removing stm32f1xx_hal_dma.o(.ARM.exidx.text.HAL_DMA_GetState), (8 bytes).
    Removing stm32f1xx_hal_dma.o(.text.HAL_DMA_GetError), (4 bytes).
    Removing stm32f1xx_hal_dma.o(.ARM.exidx.text.HAL_DMA_GetError), (8 bytes).
    Removing stm32f1xx_hal_cortex.o(.text), (0 bytes).
    Removing stm32f1xx_hal_cortex.o(.ARM.exidx.text.HAL_NVIC_SetPriorityGrouping), (8 bytes).
    Removing stm32f1xx_hal_cortex.o(.ARM.exidx.text.HAL_NVIC_SetPriority), (8 bytes).
    Removing stm32f1xx_hal_cortex.o(.text.HAL_NVIC_EnableIRQ), (38 bytes).
    Removing stm32f1xx_hal_cortex.o(.ARM.exidx.text.HAL_NVIC_EnableIRQ), (8 bytes).
    Removing stm32f1xx_hal_cortex.o(.text.HAL_NVIC_DisableIRQ), (46 bytes).
    Removing stm32f1xx_hal_cortex.o(.ARM.exidx.text.HAL_NVIC_DisableIRQ), (8 bytes).
    Removing stm32f1xx_hal_cortex.o(.text.HAL_NVIC_SystemReset), (4 bytes).
    Removing stm32f1xx_hal_cortex.o(.ARM.exidx.text.HAL_NVIC_SystemReset), (8 bytes).
    Removing stm32f1xx_hal_cortex.o(.text.__NVIC_SystemReset), (42 bytes).
    Removing stm32f1xx_hal_cortex.o(.ARM.exidx.text.__NVIC_SystemReset), (8 bytes).
    Removing stm32f1xx_hal_cortex.o(.ARM.exidx.text.HAL_SYSTICK_Config), (8 bytes).
    Removing stm32f1xx_hal_cortex.o(.text.HAL_NVIC_GetPriorityGrouping), (16 bytes).
    Removing stm32f1xx_hal_cortex.o(.ARM.exidx.text.HAL_NVIC_GetPriorityGrouping), (8 bytes).
    Removing stm32f1xx_hal_cortex.o(.text.HAL_NVIC_GetPriority), (90 bytes).
    Removing stm32f1xx_hal_cortex.o(.ARM.exidx.text.HAL_NVIC_GetPriority), (8 bytes).
    Removing stm32f1xx_hal_cortex.o(.text.HAL_NVIC_SetPendingIRQ), (38 bytes).
    Removing stm32f1xx_hal_cortex.o(.ARM.exidx.text.HAL_NVIC_SetPendingIRQ), (8 bytes).
    Removing stm32f1xx_hal_cortex.o(.text.HAL_NVIC_GetPendingIRQ), (42 bytes).
    Removing stm32f1xx_hal_cortex.o(.ARM.exidx.text.HAL_NVIC_GetPendingIRQ), (8 bytes).
    Removing stm32f1xx_hal_cortex.o(.text.HAL_NVIC_ClearPendingIRQ), (38 bytes).
    Removing stm32f1xx_hal_cortex.o(.ARM.exidx.text.HAL_NVIC_ClearPendingIRQ), (8 bytes).
    Removing stm32f1xx_hal_cortex.o(.text.HAL_NVIC_GetActive), (42 bytes).
    Removing stm32f1xx_hal_cortex.o(.ARM.exidx.text.HAL_NVIC_GetActive), (8 bytes).
    Removing stm32f1xx_hal_cortex.o(.text.HAL_SYSTICK_CLKSourceConfig), (24 bytes).
    Removing stm32f1xx_hal_cortex.o(.ARM.exidx.text.HAL_SYSTICK_CLKSourceConfig), (8 bytes).
    Removing stm32f1xx_hal_cortex.o(.text.HAL_SYSTICK_IRQHandler), (4 bytes).
    Removing stm32f1xx_hal_cortex.o(.ARM.exidx.text.HAL_SYSTICK_IRQHandler), (8 bytes).
    Removing stm32f1xx_hal_cortex.o(.text.HAL_SYSTICK_Callback), (2 bytes).
    Removing stm32f1xx_hal_cortex.o(.ARM.exidx.text.HAL_SYSTICK_Callback), (8 bytes).
    Removing stm32f1xx_hal_pwr.o(.text), (0 bytes).
    Removing stm32f1xx_hal_pwr.o(.text.HAL_PWR_DeInit), (26 bytes).
    Removing stm32f1xx_hal_pwr.o(.ARM.exidx.text.HAL_PWR_DeInit), (8 bytes).
    Removing stm32f1xx_hal_pwr.o(.text.HAL_PWR_EnableBkUpAccess), (12 bytes).
    Removing stm32f1xx_hal_pwr.o(.ARM.exidx.text.HAL_PWR_EnableBkUpAccess), (8 bytes).
    Removing stm32f1xx_hal_pwr.o(.text.HAL_PWR_DisableBkUpAccess), (12 bytes).
    Removing stm32f1xx_hal_pwr.o(.ARM.exidx.text.HAL_PWR_DisableBkUpAccess), (8 bytes).
    Removing stm32f1xx_hal_pwr.o(.text.HAL_PWR_ConfigPVD), (130 bytes).
    Removing stm32f1xx_hal_pwr.o(.ARM.exidx.text.HAL_PWR_ConfigPVD), (8 bytes).
    Removing stm32f1xx_hal_pwr.o(.text.HAL_PWR_EnablePVD), (12 bytes).
    Removing stm32f1xx_hal_pwr.o(.ARM.exidx.text.HAL_PWR_EnablePVD), (8 bytes).
    Removing stm32f1xx_hal_pwr.o(.text.HAL_PWR_DisablePVD), (12 bytes).
    Removing stm32f1xx_hal_pwr.o(.ARM.exidx.text.HAL_PWR_DisablePVD), (8 bytes).
    Removing stm32f1xx_hal_pwr.o(.text.HAL_PWR_EnableWakeUpPin), (22 bytes).
    Removing stm32f1xx_hal_pwr.o(.ARM.exidx.text.HAL_PWR_EnableWakeUpPin), (8 bytes).
    Removing stm32f1xx_hal_pwr.o(.text.HAL_PWR_DisableWakeUpPin), (22 bytes).
    Removing stm32f1xx_hal_pwr.o(.ARM.exidx.text.HAL_PWR_DisableWakeUpPin), (8 bytes).
    Removing stm32f1xx_hal_pwr.o(.text.HAL_PWR_EnterSLEEPMode), (30 bytes).
    Removing stm32f1xx_hal_pwr.o(.ARM.exidx.text.HAL_PWR_EnterSLEEPMode), (8 bytes).
    Removing stm32f1xx_hal_pwr.o(.text.HAL_PWR_EnterSTOPMode), (80 bytes).
    Removing stm32f1xx_hal_pwr.o(.ARM.exidx.text.HAL_PWR_EnterSTOPMode), (8 bytes).
    Removing stm32f1xx_hal_pwr.o(.text.PWR_OverloadWfe), (6 bytes).
    Removing stm32f1xx_hal_pwr.o(.ARM.exidx.text.PWR_OverloadWfe), (8 bytes).
    Removing stm32f1xx_hal_pwr.o(.text.HAL_PWR_EnterSTANDBYMode), (36 bytes).
    Removing stm32f1xx_hal_pwr.o(.ARM.exidx.text.HAL_PWR_EnterSTANDBYMode), (8 bytes).
    Removing stm32f1xx_hal_pwr.o(.text.HAL_PWR_EnableSleepOnExit), (18 bytes).
    Removing stm32f1xx_hal_pwr.o(.ARM.exidx.text.HAL_PWR_EnableSleepOnExit), (8 bytes).
    Removing stm32f1xx_hal_pwr.o(.text.HAL_PWR_DisableSleepOnExit), (18 bytes).
    Removing stm32f1xx_hal_pwr.o(.ARM.exidx.text.HAL_PWR_DisableSleepOnExit), (8 bytes).
    Removing stm32f1xx_hal_pwr.o(.text.HAL_PWR_EnableSEVOnPend), (18 bytes).
    Removing stm32f1xx_hal_pwr.o(.ARM.exidx.text.HAL_PWR_EnableSEVOnPend), (8 bytes).
    Removing stm32f1xx_hal_pwr.o(.text.HAL_PWR_DisableSEVOnPend), (18 bytes).
    Removing stm32f1xx_hal_pwr.o(.ARM.exidx.text.HAL_PWR_DisableSEVOnPend), (8 bytes).
    Removing stm32f1xx_hal_pwr.o(.text.HAL_PWR_PVD_IRQHandler), (30 bytes).
    Removing stm32f1xx_hal_pwr.o(.ARM.exidx.text.HAL_PWR_PVD_IRQHandler), (8 bytes).
    Removing stm32f1xx_hal_pwr.o(.text.HAL_PWR_PVDCallback), (2 bytes).
    Removing stm32f1xx_hal_pwr.o(.ARM.exidx.text.HAL_PWR_PVDCallback), (8 bytes).
    Removing stm32f1xx_hal_flash.o(.text), (0 bytes).
    Removing stm32f1xx_hal_flash.o(.text.HAL_FLASH_Program), (172 bytes).
    Removing stm32f1xx_hal_flash.o(.ARM.exidx.text.HAL_FLASH_Program), (8 bytes).
    Removing stm32f1xx_hal_flash.o(.text.FLASH_WaitForLastOperation), (224 bytes).
    Removing stm32f1xx_hal_flash.o(.ARM.exidx.text.FLASH_WaitForLastOperation), (8 bytes).
    Removing stm32f1xx_hal_flash.o(.text.HAL_FLASH_Program_IT), (110 bytes).
    Removing stm32f1xx_hal_flash.o(.ARM.exidx.text.HAL_FLASH_Program_IT), (8 bytes).
    Removing stm32f1xx_hal_flash.o(.text.HAL_FLASH_IRQHandler), (372 bytes).
    Removing stm32f1xx_hal_flash.o(.ARM.exidx.text.HAL_FLASH_IRQHandler), (8 bytes).
    Removing stm32f1xx_hal_flash.o(.text.HAL_FLASH_OperationErrorCallback), (2 bytes).
    Removing stm32f1xx_hal_flash.o(.ARM.exidx.text.HAL_FLASH_OperationErrorCallback), (8 bytes).
    Removing stm32f1xx_hal_flash.o(.text.HAL_FLASH_EndOfOperationCallback), (2 bytes).
    Removing stm32f1xx_hal_flash.o(.ARM.exidx.text.HAL_FLASH_EndOfOperationCallback), (8 bytes).
    Removing stm32f1xx_hal_flash.o(.text.HAL_FLASH_Unlock), (46 bytes).
    Removing stm32f1xx_hal_flash.o(.ARM.exidx.text.HAL_FLASH_Unlock), (8 bytes).
    Removing stm32f1xx_hal_flash.o(.text.HAL_FLASH_Lock), (20 bytes).
    Removing stm32f1xx_hal_flash.o(.ARM.exidx.text.HAL_FLASH_Lock), (8 bytes).
    Removing stm32f1xx_hal_flash.o(.text.HAL_FLASH_OB_Unlock), (42 bytes).
    Removing stm32f1xx_hal_flash.o(.ARM.exidx.text.HAL_FLASH_OB_Unlock), (8 bytes).
    Removing stm32f1xx_hal_flash.o(.text.HAL_FLASH_OB_Lock), (20 bytes).
    Removing stm32f1xx_hal_flash.o(.ARM.exidx.text.HAL_FLASH_OB_Lock), (8 bytes).
    Removing stm32f1xx_hal_flash.o(.text.HAL_FLASH_OB_Launch), (4 bytes).
    Removing stm32f1xx_hal_flash.o(.ARM.exidx.text.HAL_FLASH_OB_Launch), (8 bytes).
    Removing stm32f1xx_hal_flash.o(.text.HAL_FLASH_GetError), (12 bytes).
    Removing stm32f1xx_hal_flash.o(.ARM.exidx.text.HAL_FLASH_GetError), (8 bytes).
    Removing stm32f1xx_hal_flash.o(.bss.pFlash), (32 bytes).
    Removing stm32f1xx_hal_flash_ex.o(.text), (0 bytes).
    Removing stm32f1xx_hal_flash_ex.o(.text.HAL_FLASHEx_Erase), (238 bytes).
    Removing stm32f1xx_hal_flash_ex.o(.ARM.exidx.text.HAL_FLASHEx_Erase), (8 bytes).
    Removing stm32f1xx_hal_flash_ex.o(.text.FLASH_PageErase), (40 bytes).
    Removing stm32f1xx_hal_flash_ex.o(.ARM.exidx.text.FLASH_PageErase), (8 bytes).
    Removing stm32f1xx_hal_flash_ex.o(.text.HAL_FLASHEx_Erase_IT), (112 bytes).
    Removing stm32f1xx_hal_flash_ex.o(.ARM.exidx.text.HAL_FLASHEx_Erase_IT), (8 bytes).
    Removing stm32f1xx_hal_flash_ex.o(.text.HAL_FLASHEx_OBErase), (174 bytes).
    Removing stm32f1xx_hal_flash_ex.o(.ARM.exidx.text.HAL_FLASHEx_OBErase), (8 bytes).
    Removing stm32f1xx_hal_flash_ex.o(.text.HAL_FLASHEx_OBProgram), (686 bytes).
    Removing stm32f1xx_hal_flash_ex.o(.ARM.exidx.text.HAL_FLASHEx_OBProgram), (8 bytes).
    Removing stm32f1xx_hal_flash_ex.o(.text.HAL_FLASHEx_OBGetConfig), (42 bytes).
    Removing stm32f1xx_hal_flash_ex.o(.ARM.exidx.text.HAL_FLASHEx_OBGetConfig), (8 bytes).
    Removing stm32f1xx_hal_flash_ex.o(.text.HAL_FLASHEx_OBGetUserData), (34 bytes).
    Removing stm32f1xx_hal_flash_ex.o(.ARM.exidx.text.HAL_FLASHEx_OBGetUserData), (8 bytes).
    Removing stm32f1xx_hal_exti.o(.text), (0 bytes).
    Removing stm32f1xx_hal_exti.o(.text.HAL_EXTI_SetConfigLine), (180 bytes).
    Removing stm32f1xx_hal_exti.o(.ARM.exidx.text.HAL_EXTI_SetConfigLine), (8 bytes).
    Removing stm32f1xx_hal_exti.o(.text.HAL_EXTI_GetConfigLine), (150 bytes).
    Removing stm32f1xx_hal_exti.o(.ARM.exidx.text.HAL_EXTI_GetConfigLine), (8 bytes).
    Removing stm32f1xx_hal_exti.o(.text.HAL_EXTI_ClearConfigLine), (136 bytes).
    Removing stm32f1xx_hal_exti.o(.ARM.exidx.text.HAL_EXTI_ClearConfigLine), (8 bytes).
    Removing stm32f1xx_hal_exti.o(.text.HAL_EXTI_RegisterCallback), (12 bytes).
    Removing stm32f1xx_hal_exti.o(.ARM.exidx.text.HAL_EXTI_RegisterCallback), (8 bytes).
    Removing stm32f1xx_hal_exti.o(.text.HAL_EXTI_GetHandle), (12 bytes).
    Removing stm32f1xx_hal_exti.o(.ARM.exidx.text.HAL_EXTI_GetHandle), (8 bytes).
    Removing stm32f1xx_hal_exti.o(.text.HAL_EXTI_IRQHandler), (42 bytes).
    Removing stm32f1xx_hal_exti.o(.ARM.exidx.text.HAL_EXTI_IRQHandler), (8 bytes).
    Removing stm32f1xx_hal_exti.o(.text.HAL_EXTI_GetPending), (28 bytes).
    Removing stm32f1xx_hal_exti.o(.ARM.exidx.text.HAL_EXTI_GetPending), (8 bytes).
    Removing stm32f1xx_hal_exti.o(.text.HAL_EXTI_ClearPending), (24 bytes).
    Removing stm32f1xx_hal_exti.o(.ARM.exidx.text.HAL_EXTI_ClearPending), (8 bytes).
    Removing stm32f1xx_hal_exti.o(.text.HAL_EXTI_GenerateSWI), (24 bytes).
    Removing stm32f1xx_hal_exti.o(.ARM.exidx.text.HAL_EXTI_GenerateSWI), (8 bytes).
    Removing stm32f1xx_hal_tim.o(.text), (0 bytes).
    Removing stm32f1xx_hal_tim_ex.o(.text), (0 bytes).
    Removing system_stm32f1xx.o(.text), (0 bytes).
    Removing system_stm32f1xx.o(.ARM.exidx.text.SystemInit), (8 bytes).
    Removing system_stm32f1xx.o(.text.SystemCoreClockUpdate), (112 bytes).
    Removing system_stm32f1xx.o(.ARM.exidx.text.SystemCoreClockUpdate), (8 bytes).

481 unused section(s) (total 41999 bytes) removed from the image.

==============================================================================

Image Symbol Table

    Local Symbols

    Symbol Name                              Value     Ov Type        Size  Object(Section)

    ../clib/microlib/init/entry.s            0x00000000   Number         0  entry.o ABSOLUTE
    ../clib/microlib/init/entry.s            0x00000000   Number         0  entry2.o ABSOLUTE
    ../clib/microlib/init/entry.s            0x00000000   Number         0  entry5.o ABSOLUTE
    ../clib/microlib/init/entry.s            0x00000000   Number         0  entry7a.o ABSOLUTE
    ../clib/microlib/init/entry.s            0x00000000   Number         0  entry7b.o ABSOLUTE
    ../clib/microlib/init/entry.s            0x00000000   Number         0  entry8a.o ABSOLUTE
    ../clib/microlib/init/entry.s            0x00000000   Number         0  entry8b.o ABSOLUTE
    ../clib/microlib/init/entry.s            0x00000000   Number         0  entry9a.o ABSOLUTE
    ../clib/microlib/init/entry.s            0x00000000   Number         0  entry9b.o ABSOLUTE
    ../clib/microlib/init/entry.s            0x00000000   Number         0  entry10a.o ABSOLUTE
    ../clib/microlib/init/entry.s            0x00000000   Number         0  entry10b.o ABSOLUTE
    ../clib/microlib/init/entry.s            0x00000000   Number         0  entry11a.o ABSOLUTE
    ../clib/microlib/init/entry.s            0x00000000   Number         0  entry11b.o ABSOLUTE
    ../clib/microlib/string/memcpy.c         0x00000000   Number         0  memcpya.o ABSOLUTE
    ../clib/microlib/string/memcpy.c         0x00000000   Number         0  memcpyb.o ABSOLUTE
    ../clib/microlib/string/memset.c         0x00000000   Number         0  memseta.o ABSOLUTE
    ../clib/microlib/string/strlen.c         0x00000000   Number         0  strlen.o ABSOLUTE
    ../clib/microlib/stubs.s                 0x00000000   Number         0  iusefp.o ABSOLUTE
    ../fplib/microlib/fpfix.c                0x00000000   Number         0  ffixi.o ABSOLUTE
    dc.s                                     0x00000000   Number         0  dc.o ABSOLUTE
    fonts.c                                  0x00000000   Number         0  fonts.o ABSOLUTE
    handlers.s                               0x00000000   Number         0  handlers.o ABSOLUTE
    init.s                                   0x00000000   Number         0  init.o ABSOLUTE
    main.c                                   0x00000000   Number         0  main.o ABSOLUTE
    ssd1306.c                                0x00000000   Number         0  ssd1306.o ABSOLUTE
    startup_stm32f103xb.s                    0x00000000   Number         0  startup_stm32f103xb.o ABSOLUTE
    stm32f1xx_hal.c                          0x00000000   Number         0  stm32f1xx_hal.o ABSOLUTE
    stm32f1xx_hal_cortex.c                   0x00000000   Number         0  stm32f1xx_hal_cortex.o ABSOLUTE
    stm32f1xx_hal_dma.c                      0x00000000   Number         0  stm32f1xx_hal_dma.o ABSOLUTE
    stm32f1xx_hal_exti.c                     0x00000000   Number         0  stm32f1xx_hal_exti.o ABSOLUTE
    stm32f1xx_hal_flash.c                    0x00000000   Number         0  stm32f1xx_hal_flash.o ABSOLUTE
    stm32f1xx_hal_flash_ex.c                 0x00000000   Number         0  stm32f1xx_hal_flash_ex.o ABSOLUTE
    stm32f1xx_hal_gpio.c                     0x00000000   Number         0  stm32f1xx_hal_gpio.o ABSOLUTE
    stm32f1xx_hal_gpio_ex.c                  0x00000000   Number         0  stm32f1xx_hal_gpio_ex.o ABSOLUTE
    stm32f1xx_hal_i2c.c                      0x00000000   Number         0  stm32f1xx_hal_i2c.o ABSOLUTE
    stm32f1xx_hal_msp.c                      0x00000000   Number         0  stm32f1xx_hal_msp.o ABSOLUTE
    stm32f1xx_hal_pwr.c                      0x00000000   Number         0  stm32f1xx_hal_pwr.o ABSOLUTE
    stm32f1xx_hal_rcc.c                      0x00000000   Number         0  stm32f1xx_hal_rcc.o ABSOLUTE
    stm32f1xx_hal_rcc_ex.c                   0x00000000   Number         0  stm32f1xx_hal_rcc_ex.o ABSOLUTE
    stm32f1xx_hal_tim.c                      0x00000000   Number         0  stm32f1xx_hal_tim.o ABSOLUTE
    stm32f1xx_hal_tim_ex.c                   0x00000000   Number         0  stm32f1xx_hal_tim_ex.o ABSOLUTE
    stm32f1xx_it.c                           0x00000000   Number         0  stm32f1xx_it.o ABSOLUTE
    system_stm32f1xx.c                       0x00000000   Number         0  system_stm32f1xx.o ABSOLUTE
    test.c                                   0x00000000   Number         0  test.o ABSOLUTE
    RESET                                    0x08000000   Section      236  startup_stm32f103xb.o(RESET)
    .ARM.Collect$$$$00000000                 0x080000ec   Section        0  entry.o(.ARM.Collect$$$$00000000)
    .ARM.Collect$$$$00000001                 0x080000ec   Section        4  entry2.o(.ARM.Collect$$$$00000001)
    .ARM.Collect$$$$00000004                 0x080000f0   Section        4  entry5.o(.ARM.Collect$$$$00000004)
    .ARM.Collect$$$$00000008                 0x080000f4   Section        0  entry7b.o(.ARM.Collect$$$$00000008)
    .ARM.Collect$$$$0000000A                 0x080000f4   Section        0  entry8b.o(.ARM.Collect$$$$0000000A)
    .ARM.Collect$$$$0000000B                 0x080000f4   Section        8  entry9a.o(.ARM.Collect$$$$0000000B)
    __lit__00000000                          0x080000fc   Data           4  entry2.o(.ARM.Collect$$$$00002712)
    .ARM.Collect$$$$0000000D                 0x080000fc   Section        0  entry10a.o(.ARM.Collect$$$$0000000D)
    .ARM.Collect$$$$0000000F                 0x080000fc   Section        0  entry11a.o(.ARM.Collect$$$$0000000F)
    .ARM.Collect$$$$00002712                 0x080000fc   Section        4  entry2.o(.ARM.Collect$$$$00002712)
    .text                                    0x08000100   Section       36  startup_stm32f103xb.o(.text)
    .text                                    0x08000124   Section        0  memcpya.o(.text)
    .text                                    0x08000148   Section        0  memseta.o(.text)
    .text                                    0x0800016c   Section        0  ffixi.o(.text)
    .text                                    0x0800019e   Section        0  iusefp.o(.text)
    .text                                    0x080001a0   Section       36  init.o(.text)
    [Anonymous Symbol]                       0x080001c4   Section        0  stm32f1xx_it.o(.text.BusFault_Handler)
    [Anonymous Symbol]                       0x080001c8   Section        0  stm32f1xx_it.o(.text.DebugMon_Handler)
    [Anonymous Symbol]                       0x080001cc   Section        0  stm32f1xx_hal.o(.text.HAL_Delay)
    [Anonymous Symbol]                       0x080001f4   Section        0  stm32f1xx_hal_gpio.o(.text.HAL_GPIO_Init)
    [Anonymous Symbol]                       0x08000410   Section        0  stm32f1xx_hal.o(.text.HAL_GetTick)
    [Anonymous Symbol]                       0x0800041c   Section        0  stm32f1xx_hal_i2c.o(.text.HAL_I2C_Init)
    [Anonymous Symbol]                       0x08000594   Section        0  stm32f1xx_hal_i2c.o(.text.HAL_I2C_IsDeviceReady)
    [Anonymous Symbol]                       0x080007bc   Section        0  stm32f1xx_hal_i2c.o(.text.HAL_I2C_Master_Receive)
    [Anonymous Symbol]                       0x08000e9c   Section        0  stm32f1xx_hal_i2c.o(.text.HAL_I2C_Master_Transmit)
    [Anonymous Symbol]                       0x08001314   Section        0  stm32f1xx_hal_msp.o(.text.HAL_I2C_MspInit)
    [Anonymous Symbol]                       0x080013e8   Section        0  stm32f1xx_hal.o(.text.HAL_IncTick)
    [Anonymous Symbol]                       0x08001404   Section        0  stm32f1xx_hal.o(.text.HAL_Init)
    [Anonymous Symbol]                       0x0800142c   Section        0  stm32f1xx_hal.o(.text.HAL_InitTick)
    [Anonymous Symbol]                       0x08001474   Section        0  stm32f1xx_hal_msp.o(.text.HAL_MspInit)
    [Anonymous Symbol]                       0x080014b8   Section        0  stm32f1xx_hal_cortex.o(.text.HAL_NVIC_SetPriority)
    [Anonymous Symbol]                       0x08001510   Section        0  stm32f1xx_hal_cortex.o(.text.HAL_NVIC_SetPriorityGrouping)
    [Anonymous Symbol]                       0x08001530   Section        0  stm32f1xx_hal_rcc.o(.text.HAL_RCC_ClockConfig)
    [Anonymous Symbol]                       0x080016f0   Section        0  stm32f1xx_hal_rcc.o(.text.HAL_RCC_GetPCLK1Freq)
    [Anonymous Symbol]                       0x08001718   Section        0  stm32f1xx_hal_rcc.o(.text.HAL_RCC_OscConfig)
    [Anonymous Symbol]                       0x08001acc   Section        0  stm32f1xx_hal_cortex.o(.text.HAL_SYSTICK_Config)
    [Anonymous Symbol]                       0x08001af8   Section        0  stm32f1xx_it.o(.text.HardFault_Handler)
    [Anonymous Symbol]                       0x08001afc   Section        0  stm32f1xx_it.o(.text.MemManage_Handler)
    [Anonymous Symbol]                       0x08001b00   Section        0  stm32f1xx_it.o(.text.NMI_Handler)
    [Anonymous Symbol]                       0x08001b04   Section        0  stm32f1xx_it.o(.text.PendSV_Handler)
    [Anonymous Symbol]                       0x08001b08   Section        0  ssd1306.o(.text.SSD1306_GotoXY)
    [Anonymous Symbol]                       0x08001b18   Section        0  ssd1306.o(.text.SSD1306_Init)
    [Anonymous Symbol]                       0x08001e1c   Section        0  ssd1306.o(.text.SSD1306_Putc)
    [Anonymous Symbol]                       0x08001f20   Section        0  ssd1306.o(.text.SSD1306_Puts)
    [Anonymous Symbol]                       0x08001f50   Section        0  ssd1306.o(.text.SSD1306_UpdateScreen)
    [Anonymous Symbol]                       0x08001ff0   Section        0  stm32f1xx_it.o(.text.SVC_Handler)
    [Anonymous Symbol]                       0x08001ff4   Section        0  stm32f1xx_it.o(.text.SysTick_Handler)
    [Anonymous Symbol]                       0x08001ff8   Section        0  system_stm32f1xx.o(.text.SystemInit)
    [Anonymous Symbol]                       0x08001ffc   Section        0  stm32f1xx_it.o(.text.UsageFault_Handler)
    [Anonymous Symbol]                       0x08002000   Section        0  main.o(.text.main)
    i.__scatterload_copy                     0x080024f8   Section       14  handlers.o(i.__scatterload_copy)
    i.__scatterload_null                     0x08002506   Section        2  handlers.o(i.__scatterload_null)
    i.__scatterload_zeroinit                 0x08002508   Section       14  handlers.o(i.__scatterload_zeroinit)
    .L__const.HAL_RCC_GetSysClockFreq.aPredivFactorTable 0x08002516   Data           2  stm32f1xx_hal_rcc.o(.rodata..L__const.HAL_RCC_GetSysClockFreq.aPredivFactorTable)
    .L__const.HAL_RCC_GetSysClockFreq.aPLLMULFactorTable 0x080039f8   Data          16  stm32f1xx_hal_rcc.o(.rodata.cst16)
    .L.str                                   0x08003a08   Data           2  main.o(.rodata.str1.1)
    [Anonymous Symbol]                       0x08003a08   Section        0  main.o(.rodata.str1.1)
    .L.str.1                                 0x08003a0a   Data          17  main.o(.rodata.str1.1)
    .L_MergedGlobals                         0x20000000   Data           8  stm32f1xx_hal.o(.data..L_MergedGlobals)
    [Anonymous Symbol]                       0x20000000   Section        0  stm32f1xx_hal.o(.data..L_MergedGlobals)
    .L_MergedGlobals                         0x20000020   Data           6  ssd1306.o(.bss..L_MergedGlobals)
    SSD1306.2                                0x20000020   Data           1  ssd1306.o(.bss..L_MergedGlobals)
    [Anonymous Symbol]                       0x20000020   Section        0  ssd1306.o(.bss..L_MergedGlobals)
    SSD1306.0                                0x20000022   Data           2  ssd1306.o(.bss..L_MergedGlobals)
    SSD1306.1                                0x20000024   Data           2  ssd1306.o(.bss..L_MergedGlobals)
    .L_MergedGlobals                         0x20000028   Data          68  main.o(.bss..L_MergedGlobals)
    [Anonymous Symbol]                       0x20000028   Section        0  main.o(.bss..L_MergedGlobals)
    numberToString.buf                       0x2000004c   Data          32  main.o(.bss..L_MergedGlobals)
    SSD1306_Buffer                           0x2000006c   Data        1024  ssd1306.o(.bss.SSD1306_Buffer)
    [Anonymous Symbol]                       0x2000006c   Section        0  ssd1306.o(.bss.SSD1306_Buffer)
    STACK                                    0x20000518   Section     1024  startup_stm32f103xb.o(STACK)

    Global Symbols

    Symbol Name                              Value     Ov Type        Size  Object(Section)

    BuildAttributes$$THM_ISAv4$P$D$K$B$S$PE$A:L22UL41UL21$X:L11$S22US41US21$IEEE1$IW$~IW$USESV6$~STKCKD$USESV7$~SHL$OTIME$ROPI$EBA8$MICROLIB$REQ8$PRES8$EABIv2 0x00000000   Number         0  anon$$obj.o ABSOLUTE
    __cpp_initialize__aeabi_                  - Undefined Weak Reference
    __cxa_finalize                            - Undefined Weak Reference
    __decompress                              - Undefined Weak Reference
    _clock_init                               - Undefined Weak Reference
    _microlib_exit                            - Undefined Weak Reference
    __Vectors_Size                           0x000000ec   Number         0  startup_stm32f103xb.o ABSOLUTE
    __Vectors                                0x08000000   Data           4  startup_stm32f103xb.o(RESET)
    __Vectors_End                            0x080000ec   Data           0  startup_stm32f103xb.o(RESET)
    __main                                   0x080000ed   Thumb Code     0  entry.o(.ARM.Collect$$$$00000000)
    _main_stk                                0x080000ed   Thumb Code     0  entry2.o(.ARM.Collect$$$$00000001)
    _main_scatterload                        0x080000f1   Thumb Code     0  entry5.o(.ARM.Collect$$$$00000004)
    __main_after_scatterload                 0x080000f5   Thumb Code     0  entry5.o(.ARM.Collect$$$$00000004)
    _main_clock                              0x080000f5   Thumb Code     0  entry7b.o(.ARM.Collect$$$$00000008)
    _main_cpp_init                           0x080000f5   Thumb Code     0  entry8b.o(.ARM.Collect$$$$0000000A)
    _main_init                               0x080000f5   Thumb Code     0  entry9a.o(.ARM.Collect$$$$0000000B)
    __rt_final_cpp                           0x080000fd   Thumb Code     0  entry10a.o(.ARM.Collect$$$$0000000D)
    __rt_final_exit                          0x080000fd   Thumb Code     0  entry11a.o(.ARM.Collect$$$$0000000F)
    Reset_Handler                            0x08000101   Thumb Code     8  startup_stm32f103xb.o(.text)
    ADC1_2_IRQHandler                        0x0800011b   Thumb Code     0  startup_stm32f103xb.o(.text)
    CAN1_RX1_IRQHandler                      0x0800011b   Thumb Code     0  startup_stm32f103xb.o(.text)
    CAN1_SCE_IRQHandler                      0x0800011b   Thumb Code     0  startup_stm32f103xb.o(.text)
    DMA1_Channel1_IRQHandler                 0x0800011b   Thumb Code     0  startup_stm32f103xb.o(.text)
    DMA1_Channel2_IRQHandler                 0x0800011b   Thumb Code     0  startup_stm32f103xb.o(.text)
    DMA1_Channel3_IRQHandler                 0x0800011b   Thumb Code     0  startup_stm32f103xb.o(.text)
    DMA1_Channel4_IRQHandler                 0x0800011b   Thumb Code     0  startup_stm32f103xb.o(.text)
    DMA1_Channel5_IRQHandler                 0x0800011b   Thumb Code     0  startup_stm32f103xb.o(.text)
    DMA1_Channel6_IRQHandler                 0x0800011b   Thumb Code     0  startup_stm32f103xb.o(.text)
    DMA1_Channel7_IRQHandler                 0x0800011b   Thumb Code     0  startup_stm32f103xb.o(.text)
    EXTI0_IRQHandler                         0x0800011b   Thumb Code     0  startup_stm32f103xb.o(.text)
    EXTI15_10_IRQHandler                     0x0800011b   Thumb Code     0  startup_stm32f103xb.o(.text)
    EXTI1_IRQHandler                         0x0800011b   Thumb Code     0  startup_stm32f103xb.o(.text)
    EXTI2_IRQHandler                         0x0800011b   Thumb Code     0  startup_stm32f103xb.o(.text)
    EXTI3_IRQHandler                         0x0800011b   Thumb Code     0  startup_stm32f103xb.o(.text)
    EXTI4_IRQHandler                         0x0800011b   Thumb Code     0  startup_stm32f103xb.o(.text)
    EXTI9_5_IRQHandler                       0x0800011b   Thumb Code     0  startup_stm32f103xb.o(.text)
    FLASH_IRQHandler                         0x0800011b   Thumb Code     0  startup_stm32f103xb.o(.text)
    I2C1_ER_IRQHandler                       0x0800011b   Thumb Code     0  startup_stm32f103xb.o(.text)
    I2C1_EV_IRQHandler                       0x0800011b   Thumb Code     0  startup_stm32f103xb.o(.text)
    I2C2_ER_IRQHandler                       0x0800011b   Thumb Code     0  startup_stm32f103xb.o(.text)
    I2C2_EV_IRQHandler                       0x0800011b   Thumb Code     0  startup_stm32f103xb.o(.text)
    PVD_IRQHandler                           0x0800011b   Thumb Code     0  startup_stm32f103xb.o(.text)
    RCC_IRQHandler                           0x0800011b   Thumb Code     0  startup_stm32f103xb.o(.text)
    RTC_Alarm_IRQHandler                     0x0800011b   Thumb Code     0  startup_stm32f103xb.o(.text)
    RTC_IRQHandler                           0x0800011b   Thumb Code     0  startup_stm32f103xb.o(.text)
    SPI1_IRQHandler                          0x0800011b   Thumb Code     0  startup_stm32f103xb.o(.text)
    SPI2_IRQHandler                          0x0800011b   Thumb Code     0  startup_stm32f103xb.o(.text)
    TAMPER_IRQHandler                        0x0800011b   Thumb Code     0  startup_stm32f103xb.o(.text)
    TIM1_BRK_IRQHandler                      0x0800011b   Thumb Code     0  startup_stm32f103xb.o(.text)
    TIM1_CC_IRQHandler                       0x0800011b   Thumb Code     0  startup_stm32f103xb.o(.text)
    TIM1_TRG_COM_IRQHandler                  0x0800011b   Thumb Code     0  startup_stm32f103xb.o(.text)
    TIM1_UP_IRQHandler                       0x0800011b   Thumb Code     0  startup_stm32f103xb.o(.text)
    TIM2_IRQHandler                          0x0800011b   Thumb Code     0  startup_stm32f103xb.o(.text)
    TIM3_IRQHandler                          0x0800011b   Thumb Code     0  startup_stm32f103xb.o(.text)
    TIM4_IRQHandler                          0x0800011b   Thumb Code     0  startup_stm32f103xb.o(.text)
    USART1_IRQHandler                        0x0800011b   Thumb Code     0  startup_stm32f103xb.o(.text)
    USART2_IRQHandler                        0x0800011b   Thumb Code     0  startup_stm32f103xb.o(.text)
    USART3_IRQHandler                        0x0800011b   Thumb Code     0  startup_stm32f103xb.o(.text)
    USBWakeUp_IRQHandler                     0x0800011b   Thumb Code     0  startup_stm32f103xb.o(.text)
    USB_HP_CAN1_TX_IRQHandler                0x0800011b   Thumb Code     0  startup_stm32f103xb.o(.text)
    USB_LP_CAN1_RX0_IRQHandler               0x0800011b   Thumb Code     0  startup_stm32f103xb.o(.text)
    WWDG_IRQHandler                          0x0800011b   Thumb Code     0  startup_stm32f103xb.o(.text)
    __aeabi_memcpy                           0x08000125   Thumb Code    36  memcpya.o(.text)
    __aeabi_memcpy4                          0x08000125   Thumb Code     0  memcpya.o(.text)
    __aeabi_memcpy8                          0x08000125   Thumb Code     0  memcpya.o(.text)
    __aeabi_memset                           0x08000149   Thumb Code    14  memseta.o(.text)
    __aeabi_memset4                          0x08000149   Thumb Code     0  memseta.o(.text)
    __aeabi_memset8                          0x08000149   Thumb Code     0  memseta.o(.text)
    __aeabi_memclr                           0x08000157   Thumb Code     4  memseta.o(.text)
    __aeabi_memclr4                          0x08000157   Thumb Code     0  memseta.o(.text)
    __aeabi_memclr8                          0x08000157   Thumb Code     0  memseta.o(.text)
    _memset$wrapper                          0x0800015b   Thumb Code    18  memseta.o(.text)
    __aeabi_f2iz                             0x0800016d   Thumb Code    50  ffixi.o(.text)
    __I$use$fp                               0x0800019f   Thumb Code     0  iusefp.o(.text)
    __scatterload                            0x080001a1   Thumb Code    28  init.o(.text)
    __scatterload_rt2                        0x080001a1   Thumb Code     0  init.o(.text)
    BusFault_Handler                         0x080001c5   Thumb Code     2  stm32f1xx_it.o(.text.BusFault_Handler)
    DebugMon_Handler                         0x080001c9   Thumb Code     2  stm32f1xx_it.o(.text.DebugMon_Handler)
    HAL_Delay                                0x080001cd   Thumb Code    40  stm32f1xx_hal.o(.text.HAL_Delay)
    HAL_GPIO_Init                            0x080001f5   Thumb Code   538  stm32f1xx_hal_gpio.o(.text.HAL_GPIO_Init)
    HAL_GetTick                              0x08000411   Thumb Code    12  stm32f1xx_hal.o(.text.HAL_GetTick)
    HAL_I2C_Init                             0x0800041d   Thumb Code   374  stm32f1xx_hal_i2c.o(.text.HAL_I2C_Init)
    HAL_I2C_IsDeviceReady                    0x08000595   Thumb Code   550  stm32f1xx_hal_i2c.o(.text.HAL_I2C_IsDeviceReady)
    HAL_I2C_Master_Receive                   0x080007bd   Thumb Code  1758  stm32f1xx_hal_i2c.o(.text.HAL_I2C_Master_Receive)
    HAL_I2C_Master_Transmit                  0x08000e9d   Thumb Code  1144  stm32f1xx_hal_i2c.o(.text.HAL_I2C_Master_Transmit)
    HAL_I2C_MspInit                          0x08001315   Thumb Code   212  stm32f1xx_hal_msp.o(.text.HAL_I2C_MspInit)
    HAL_IncTick                              0x080013e9   Thumb Code    26  stm32f1xx_hal.o(.text.HAL_IncTick)
    HAL_Init                                 0x08001405   Thumb Code    38  stm32f1xx_hal.o(.text.HAL_Init)
    HAL_InitTick                             0x0800142d   Thumb Code    72  stm32f1xx_hal.o(.text.HAL_InitTick)
    HAL_MspInit                              0x08001475   Thumb Code    66  stm32f1xx_hal_msp.o(.text.HAL_MspInit)
    HAL_NVIC_SetPriority                     0x080014b9   Thumb Code    86  stm32f1xx_hal_cortex.o(.text.HAL_NVIC_SetPriority)
    HAL_NVIC_SetPriorityGrouping             0x08001511   Thumb Code    32  stm32f1xx_hal_cortex.o(.text.HAL_NVIC_SetPriorityGrouping)
    HAL_RCC_ClockConfig                      0x08001531   Thumb Code   446  stm32f1xx_hal_rcc.o(.text.HAL_RCC_ClockConfig)
    HAL_RCC_GetPCLK1Freq                     0x080016f1   Thumb Code    38  stm32f1xx_hal_rcc.o(.text.HAL_RCC_GetPCLK1Freq)
    HAL_RCC_OscConfig                        0x08001719   Thumb Code   948  stm32f1xx_hal_rcc.o(.text.HAL_RCC_OscConfig)
    HAL_SYSTICK_Config                       0x08001acd   Thumb Code    44  stm32f1xx_hal_cortex.o(.text.HAL_SYSTICK_Config)
    HardFault_Handler                        0x08001af9   Thumb Code     2  stm32f1xx_it.o(.text.HardFault_Handler)
    MemManage_Handler                        0x08001afd   Thumb Code     2  stm32f1xx_it.o(.text.MemManage_Handler)
    NMI_Handler                              0x08001b01   Thumb Code     2  stm32f1xx_it.o(.text.NMI_Handler)
    PendSV_Handler                           0x08001b05   Thumb Code     2  stm32f1xx_it.o(.text.PendSV_Handler)
    SSD1306_GotoXY                           0x08001b09   Thumb Code    14  ssd1306.o(.text.SSD1306_GotoXY)
    SSD1306_Init                             0x08001b19   Thumb Code   772  ssd1306.o(.text.SSD1306_Init)
    SSD1306_Putc                             0x08001e1d   Thumb Code   258  ssd1306.o(.text.SSD1306_Putc)
    SSD1306_Puts                             0x08001f21   Thumb Code    48  ssd1306.o(.text.SSD1306_Puts)
    SSD1306_UpdateScreen                     0x08001f51   Thumb Code   160  ssd1306.o(.text.SSD1306_UpdateScreen)
    SVC_Handler                              0x08001ff1   Thumb Code     2  stm32f1xx_it.o(.text.SVC_Handler)
    SysTick_Handler                          0x08001ff5   Thumb Code     4  stm32f1xx_it.o(.text.SysTick_Handler)
    SystemInit                               0x08001ff9   Thumb Code     2  system_stm32f1xx.o(.text.SystemInit)
    UsageFault_Handler                       0x08001ffd   Thumb Code     2  stm32f1xx_it.o(.text.UsageFault_Handler)
    main                                     0x08002001   Thumb Code  1240  main.o(.text.main)
    __scatterload_copy                       0x080024f9   Thumb Code    14  handlers.o(i.__scatterload_copy)
    __scatterload_null                       0x08002507   Thumb Code     2  handlers.o(i.__scatterload_null)
    __scatterload_zeroinit                   0x08002509   Thumb Code    14  handlers.o(i.__scatterload_zeroinit)
    AHBPrescTable                            0x08002518   Data          16  system_stm32f1xx.o(.rodata.AHBPrescTable)
    APBPrescTable                            0x08002528   Data           8  system_stm32f1xx.o(.rodata.APBPrescTable)
    Font11x18                                0x08002530   Data        3420  fonts.o(.rodata.Font11x18)
    Font7x10                                 0x0800328c   Data        1900  fonts.o(.rodata.Font7x10)
    Region$$Table$$Base                      0x08003a1c   Number         0  anon$$obj.o(Region$$Table)
    Region$$Table$$Limit                     0x08003a3c   Number         0  anon$$obj.o(Region$$Table)
    uwTickFreq                               0x20000000   Data           1  stm32f1xx_hal.o(.data..L_MergedGlobals)
    uwTickPrio                               0x20000004   Data           4  stm32f1xx_hal.o(.data..L_MergedGlobals)
    Font_11x18                               0x20000008   Data           8  fonts.o(.data.Font_11x18)
    Font_7x10                                0x20000010   Data           8  fonts.o(.data.Font_7x10)
    SystemCoreClock                          0x20000018   Data           4  system_stm32f1xx.o(.data.SystemCoreClock)
    ret                                      0x20000028   Data           1  main.o(.bss..L_MergedGlobals)
    SCD30                                    0x2000002c   Data          12  main.o(.bss..L_MergedGlobals)
    buff                                     0x20000038   Data          20  main.o(.bss..L_MergedGlobals)
    hi2c1                                    0x2000046c   Data          84  main.o(.bss.hi2c1)
    hi2c2                                    0x200004c0   Data          84  main.o(.bss.hi2c2)
    uwTick                                   0x20000514   Data           4  stm32f1xx_hal.o(.bss.uwTick)
    __initial_sp                             0x20000918   Data           0  startup_stm32f103xb.o(STACK)



==============================================================================

Memory Map of the image

  Image Entry point : 0x080000ed

  Load Region LR_IROM1 (Base: 0x08000000, Size: 0x00003a60, Max: 0x00010000, ABSOLUTE)

    Execution Region ER_IROM1 (Exec base: 0x08000000, Load base: 0x08000000, Size: 0x00003a3c, Max: 0x00010000, ABSOLUTE)

    Exec Addr    Load Addr    Size         Type   Attr      Idx    E Section Name        Object

    0x08000000   0x08000000   0x000000ec   Data   RO            3    RESET               startup_stm32f103xb.o
    0x080000ec   0x080000ec   0x00000000   Code   RO          672  * .ARM.Collect$$$$00000000  mc_w.l(entry.o)
    0x080000ec   0x080000ec   0x00000004   Code   RO          685    .ARM.Collect$$$$00000001  mc_w.l(entry2.o)
    0x080000f0   0x080000f0   0x00000004   Code   RO          688    .ARM.Collect$$$$00000004  mc_w.l(entry5.o)
    0x080000f4   0x080000f4   0x00000000   Code   RO          690    .ARM.Collect$$$$00000008  mc_w.l(entry7b.o)
    0x080000f4   0x080000f4   0x00000000   Code   RO          692    .ARM.Collect$$$$0000000A  mc_w.l(entry8b.o)
    0x080000f4   0x080000f4   0x00000008   Code   RO          693    .ARM.Collect$$$$0000000B  mc_w.l(entry9a.o)
    0x080000fc   0x080000fc   0x00000000   Code   RO          695    .ARM.Collect$$$$0000000D  mc_w.l(entry10a.o)
    0x080000fc   0x080000fc   0x00000000   Code   RO          697    .ARM.Collect$$$$0000000F  mc_w.l(entry11a.o)
    0x080000fc   0x080000fc   0x00000004   Code   RO          686    .ARM.Collect$$$$00002712  mc_w.l(entry2.o)
    0x08000100   0x08000100   0x00000024   Code   RO            4    .text               startup_stm32f103xb.o
    0x08000124   0x08000124   0x00000024   Code   RO          675    .text               mc_w.l(memcpya.o)
    0x08000148   0x08000148   0x00000024   Code   RO          677    .text               mc_w.l(memseta.o)
    0x0800016c   0x0800016c   0x00000032   Code   RO          683    .text               mf_w.l(ffixi.o)
    0x0800019e   0x0800019e   0x00000000   Code   RO          699    .text               mc_w.l(iusefp.o)
    0x0800019e   0x0800019e   0x00000002   PAD
    0x080001a0   0x080001a0   0x00000024   Code   RO          700    .text               mc_w.l(init.o)
    0x080001c4   0x080001c4   0x00000002   Code   RO          142    .text.BusFault_Handler  stm32f1xx_it.o
    0x080001c6   0x080001c6   0x00000002   PAD
    0x080001c8   0x080001c8   0x00000002   Code   RO          148    .text.DebugMon_Handler  stm32f1xx_it.o
    0x080001ca   0x080001ca   0x00000002   PAD
    0x080001cc   0x080001cc   0x00000028   Code   RO          343    .text.HAL_Delay     stm32f1xx_hal.o
    0x080001f4   0x080001f4   0x0000021a   Code   RO          435    .text.HAL_GPIO_Init  stm32f1xx_hal_gpio.o
    0x0800040e   0x0800040e   0x00000002   PAD
    0x08000410   0x08000410   0x0000000c   Code   RO          335    .text.HAL_GetTick   stm32f1xx_hal.o
    0x0800041c   0x0800041c   0x00000176   Code   RO          189    .text.HAL_I2C_Init  stm32f1xx_hal_i2c.o
    0x08000592   0x08000592   0x00000002   PAD
    0x08000594   0x08000594   0x00000226   Code   RO          245    .text.HAL_I2C_IsDeviceReady  stm32f1xx_hal_i2c.o
    0x080007ba   0x080007ba   0x00000002   PAD
    0x080007bc   0x080007bc   0x000006de   Code   RO          203    .text.HAL_I2C_Master_Receive  stm32f1xx_hal_i2c.o
    0x08000e9a   0x08000e9a   0x00000002   PAD
    0x08000e9c   0x08000e9c   0x00000478   Code   RO          197    .text.HAL_I2C_Master_Transmit  stm32f1xx_hal_i2c.o
    0x08001314   0x08001314   0x000000d4   Code   RO          163    .text.HAL_I2C_MspInit  stm32f1xx_hal_msp.o
    0x080013e8   0x080013e8   0x0000001a   Code   RO          333    .text.HAL_IncTick   stm32f1xx_hal.o
    0x08001402   0x08001402   0x00000002   PAD
    0x08001404   0x08001404   0x00000026   Code   RO          323    .text.HAL_Init      stm32f1xx_hal.o
    0x0800142a   0x0800142a   0x00000002   PAD
    0x0800142c   0x0800142c   0x00000048   Code   RO          325    .text.HAL_InitTick  stm32f1xx_hal.o
    0x08001474   0x08001474   0x00000042   Code   RO          161    .text.HAL_MspInit   stm32f1xx_hal_msp.o
    0x080014b6   0x080014b6   0x00000002   PAD
    0x080014b8   0x080014b8   0x00000056   Code   RO          493    .text.HAL_NVIC_SetPriority  stm32f1xx_hal_cortex.o
    0x0800150e   0x0800150e   0x00000002   PAD
    0x08001510   0x08001510   0x00000020   Code   RO          491    .text.HAL_NVIC_SetPriorityGrouping  stm32f1xx_hal_cortex.o
    0x08001530   0x08001530   0x000001be   Code   RO          387    .text.HAL_RCC_ClockConfig  stm32f1xx_hal_rcc.o
    0x080016ee   0x080016ee   0x00000002   PAD
    0x080016f0   0x080016f0   0x00000026   Code   RO          399    .text.HAL_RCC_GetPCLK1Freq  stm32f1xx_hal_rcc.o
    0x08001716   0x08001716   0x00000002   PAD
    0x08001718   0x08001718   0x000003b4   Code   RO          385    .text.HAL_RCC_OscConfig  stm32f1xx_hal_rcc.o
    0x08001acc   0x08001acc   0x0000002c   Code   RO          503    .text.HAL_SYSTICK_Config  stm32f1xx_hal_cortex.o
    0x08001af8   0x08001af8   0x00000002   Code   RO          138    .text.HardFault_Handler  stm32f1xx_it.o
    0x08001afa   0x08001afa   0x00000002   PAD
    0x08001afc   0x08001afc   0x00000002   Code   RO          140    .text.MemManage_Handler  stm32f1xx_it.o
    0x08001afe   0x08001afe   0x00000002   PAD
    0x08001b00   0x08001b00   0x00000002   Code   RO          136    .text.NMI_Handler   stm32f1xx_it.o
    0x08001b02   0x08001b02   0x00000002   PAD
    0x08001b04   0x08001b04   0x00000002   Code   RO          150    .text.PendSV_Handler  stm32f1xx_it.o
    0x08001b06   0x08001b06   0x00000002   PAD
    0x08001b08   0x08001b08   0x0000000e   Code   RO           74    .text.SSD1306_GotoXY  ssd1306.o
    0x08001b16   0x08001b16   0x00000002   PAD
    0x08001b18   0x08001b18   0x00000304   Code   RO           64    .text.SSD1306_Init  ssd1306.o
    0x08001e1c   0x08001e1c   0x00000102   Code   RO           76    .text.SSD1306_Putc  ssd1306.o
    0x08001f1e   0x08001f1e   0x00000002   PAD
    0x08001f20   0x08001f20   0x00000030   Code   RO           78    .text.SSD1306_Puts  ssd1306.o
    0x08001f50   0x08001f50   0x000000a0   Code   RO           68    .text.SSD1306_UpdateScreen  ssd1306.o
    0x08001ff0   0x08001ff0   0x00000002   Code   RO          146    .text.SVC_Handler   stm32f1xx_it.o
    0x08001ff2   0x08001ff2   0x00000002   PAD
    0x08001ff4   0x08001ff4   0x00000004   Code   RO          152    .text.SysTick_Handler  stm32f1xx_it.o
    0x08001ff8   0x08001ff8   0x00000002   Code   RO          658    .text.SystemInit    system_stm32f1xx.o
    0x08001ffa   0x08001ffa   0x00000002   PAD
    0x08001ffc   0x08001ffc   0x00000002   Code   RO          144    .text.UsageFault_Handler  stm32f1xx_it.o
    0x08001ffe   0x08001ffe   0x00000002   PAD
    0x08002000   0x08002000   0x000004f8   Code   RO          116    .text.main          main.o
    0x080024f8   0x080024f8   0x0000000e   Code   RO          704    i.__scatterload_copy  mc_w.l(handlers.o)
    0x08002506   0x08002506   0x00000002   Code   RO          705    i.__scatterload_null  mc_w.l(handlers.o)
    0x08002508   0x08002508   0x0000000e   Code   RO          706    i.__scatterload_zeroinit  mc_w.l(handlers.o)
    0x08002516   0x08002516   0x00000002   Data   RO          412    .rodata..L__const.HAL_RCC_GetSysClockFreq.aPredivFactorTable  stm32f1xx_hal_rcc.o
    0x08002518   0x08002518   0x00000010   Data   RO          663    .rodata.AHBPrescTable  system_stm32f1xx.o
    0x08002528   0x08002528   0x00000008   Data   RO          664    .rodata.APBPrescTable  system_stm32f1xx.o
    0x08002530   0x08002530   0x00000d5c   Data   RO           14    .rodata.Font11x18   fonts.o
    0x0800328c   0x0800328c   0x0000076c   Data   RO           13    .rodata.Font7x10    fonts.o
    0x080039f8   0x080039f8   0x00000010   Data   RO          411    .rodata.cst16       stm32f1xx_hal_rcc.o
    0x08003a08   0x08003a08   0x00000013   Data   RO          123    .rodata.str1.1      main.o
    0x08003a1b   0x08003a1b   0x00000001   PAD
    0x08003a1c   0x08003a1c   0x00000020   Data   RO          703    Region$$Table       anon$$obj.o


    Execution Region RW_IRAM1 (Exec base: 0x20000000, Load base: 0x08003a40, Size: 0x00000918, Max: 0x00005000, ABSOLUTE)

    Exec Addr    Load Addr    Size         Type   Attr      Idx    E Section Name        Object

    0x20000000   0x08003a40   0x00000008   Data   RW          374    .data..L_MergedGlobals  stm32f1xx_hal.o
    0x20000008   0x08003a48   0x00000008   Data   RW           17    .data.Font_11x18    fonts.o
    0x20000010   0x08003a50   0x00000008   Data   RW           16    .data.Font_7x10     fonts.o
    0x20000018   0x08003a58   0x00000004   Data   RW          662    .data.SystemCoreClock  system_stm32f1xx.o
    0x2000001c   0x08003a5c   0x00000004   PAD
    0x20000020        -       0x00000006   Zero   RW          103    .bss..L_MergedGlobals  ssd1306.o
    0x20000026   0x08003a5c   0x00000002   PAD
    0x20000028        -       0x00000044   Zero   RW          127    .bss..L_MergedGlobals  main.o
    0x2000006c        -       0x00000400   Zero   RW          102    .bss.SSD1306_Buffer  ssd1306.o
    0x2000046c        -       0x00000054   Zero   RW          124    .bss.hi2c1          main.o
    0x200004c0        -       0x00000054   Zero   RW          125    .bss.hi2c2          main.o
    0x20000514        -       0x00000004   Zero   RW          373    .bss.uwTick         stm32f1xx_hal.o
    0x20000518        -       0x00000400   Zero   RW            1    STACK               startup_stm32f103xb.o


==============================================================================

Image component sizes


      Code (inc. data)   RO Data    RW Data    ZI Data      Debug   Object Name

         0          0       5320         16          0       1230   fonts.o
      1272         32         19          0        236       7734   main.o
      1252          0          0          0       1030      23838   ssd1306.o
        36          8        236          0       1024        764   startup_stm32f103xb.o
       188          0          0          8          4       5718   stm32f1xx_hal.o
       162          0          0          0          0       8476   stm32f1xx_hal_cortex.o
       538         22          0          0          0       4521   stm32f1xx_hal_gpio.o
      3826          0          0          0          0      53240   stm32f1xx_hal_i2c.o
       278          0          0          0          0       4711   stm32f1xx_hal_msp.o
      1432          0         18          0          0       7639   stm32f1xx_hal_rcc.o
        20          0          0          0          0       1125   stm32f1xx_it.o
         2          0         24          4          0       1598   system_stm32f1xx.o

    ----------------------------------------------------------------------
      9048         62       5650         28       2300     120594   Object Totals
         0          0         32          0          0          0   (incl. Generated)
        42          0          1          0          6          0   (incl. Padding)

    ----------------------------------------------------------------------

      Code (inc. data)   RO Data    RW Data    ZI Data      Debug   Library Member Name

         0          0          0          0          0          0   entry.o
         0          0          0          0          0          0   entry10a.o
         0          0          0          0          0          0   entry11a.o
         8          4          0          0          0          0   entry2.o
         4          0          0          0          0          0   entry5.o
         0          0          0          0          0          0   entry7b.o
         0          0          0          0          0          0   entry8b.o
         8          4          0          0          0          0   entry9a.o
        30          0          0          0          0          0   handlers.o
        36          8          0          0          0         68   init.o
         0          0          0          0          0          0   iusefp.o
        36          0          0          0          0         68   memcpya.o
        36          0          0          0          0        108   memseta.o
        50          0          0          0          0         68   ffixi.o

    ----------------------------------------------------------------------
       210         16          0          0          0        312   Library Totals
         2          0          0          0          0          0   (incl. Padding)

    ----------------------------------------------------------------------

      Code (inc. data)   RO Data    RW Data    ZI Data      Debug   Library Name

       158         16          0          0          0        244   mc_w.l
        50          0          0          0          0         68   mf_w.l

    ----------------------------------------------------------------------
       210         16          0          0          0        312   Library Totals

    ----------------------------------------------------------------------

==============================================================================


      Code (inc. data)   RO Data    RW Data    ZI Data      Debug   

      9258         78       5650         28       2300     120826   Grand Totals
      9258         78       5650         28       2300     120826   ELF Image Totals
      9258         78       5650         28          0          0   ROM Totals

==============================================================================

    Total RO  Size (Code + RO Data)                14908 (  14.56kB)
    Total RW  Size (RW Data + ZI Data)              2328 (   2.27kB)
    Total ROM Size (Code + RO Data + RW Data)      14936 (  14.59kB)

==============================================================================

